Component: Arm Compiler for Embedded 6.21 Tool: armlink [5ec1fa00]

==============================================================================

Section Cross References

    main.o(.text.main) refers to zf_common_clock.o(.text.clock_init) for clock_init
    main.o(.text.main) refers to zf_common_debug.o(.text.debug_init) for debug_init
    main.o(.text.main) refers to tick.o(.text.tick_init) for tick_init
    main.o(.text.main) refers to zf_device_key.o(.text.key_init) for key_init
    main.o(.text.main) refers to zf_driver_gpio.o(.text.gpio_init) for gpio_init
    main.o(.text.main) refers to servo.o(.text.servo_init) for servo_init
    main.o(.text.main) refers to zf_device_tft180.o(.text.tft180_init) for tft180_init
    main.o(.text.main) refers to zf_device_tft180.o(.text.tft180_show_string) for tft180_show_string
    main.o(.text.main) refers to zf_device_key.o(.text.key_get_state) for key_get_state
    main.o(.text.main) refers to zf_device_key.o(.text.key_clear_state) for key_clear_state
    main.o(.text.main) refers to zf_driver_gpio.o(.text.gpio_toggle_level) for gpio_toggle_level
    main.o(.text.main) refers to main.o(.rodata.str1.1) for [Anonymous Symbol]
    main.o(.ARM.exidx.text.main) refers to main.o(.text.main) for [Anonymous Symbol]
    isr.o(.text.TIMA0_IRQHandler) refers to zf_driver_pit.o(.bss.pit_callback_list) for pit_callback_list
    isr.o(.text.TIMA0_IRQHandler) refers to zf_driver_pit.o(.data.pit_callback_ptr_list) for pit_callback_ptr_list
    isr.o(.ARM.exidx.text.TIMA0_IRQHandler) refers to isr.o(.text.TIMA0_IRQHandler) for [Anonymous Symbol]
    isr.o(.text.TIMA1_IRQHandler) refers to zf_driver_pit.o(.bss.pit_callback_list) for pit_callback_list
    isr.o(.text.TIMA1_IRQHandler) refers to zf_driver_pit.o(.data.pit_callback_ptr_list) for pit_callback_ptr_list
    isr.o(.ARM.exidx.text.TIMA1_IRQHandler) refers to isr.o(.text.TIMA1_IRQHandler) for [Anonymous Symbol]
    isr.o(.text.TIMG0_IRQHandler) refers to zf_driver_pit.o(.bss.pit_callback_list) for pit_callback_list
    isr.o(.text.TIMG0_IRQHandler) refers to zf_driver_pit.o(.data.pit_callback_ptr_list) for pit_callback_ptr_list
    isr.o(.ARM.exidx.text.TIMG0_IRQHandler) refers to isr.o(.text.TIMG0_IRQHandler) for [Anonymous Symbol]
    isr.o(.text.TIMG6_IRQHandler) refers to zf_driver_pit.o(.bss.pit_callback_list) for pit_callback_list
    isr.o(.text.TIMG6_IRQHandler) refers to zf_driver_pit.o(.data.pit_callback_ptr_list) for pit_callback_ptr_list
    isr.o(.ARM.exidx.text.TIMG6_IRQHandler) refers to isr.o(.text.TIMG6_IRQHandler) for [Anonymous Symbol]
    isr.o(.text.TIMG7_IRQHandler) refers to zf_driver_pit.o(.bss.pit_callback_list) for pit_callback_list
    isr.o(.text.TIMG7_IRQHandler) refers to zf_driver_pit.o(.data.pit_callback_ptr_list) for pit_callback_ptr_list
    isr.o(.ARM.exidx.text.TIMG7_IRQHandler) refers to isr.o(.text.TIMG7_IRQHandler) for [Anonymous Symbol]
    isr.o(.text.TIMG8_IRQHandler) refers to zf_driver_pit.o(.bss.pit_callback_list) for pit_callback_list
    isr.o(.text.TIMG8_IRQHandler) refers to zf_driver_pit.o(.data.pit_callback_ptr_list) for pit_callback_ptr_list
    isr.o(.ARM.exidx.text.TIMG8_IRQHandler) refers to isr.o(.text.TIMG8_IRQHandler) for [Anonymous Symbol]
    isr.o(.text.TIMG12_IRQHandler) refers to zf_driver_pit.o(.bss.pit_callback_list) for pit_callback_list
    isr.o(.text.TIMG12_IRQHandler) refers to zf_driver_pit.o(.data.pit_callback_ptr_list) for pit_callback_ptr_list
    isr.o(.ARM.exidx.text.TIMG12_IRQHandler) refers to isr.o(.text.TIMG12_IRQHandler) for [Anonymous Symbol]
    isr.o(.text.UART0_IRQHandler) refers to isr.o(.text.DL_UART_getPendingInterrupt) for DL_UART_getPendingInterrupt
    isr.o(.text.UART0_IRQHandler) refers to zf_common_debug.o(.text.debug_interrupr_handler) for debug_interrupr_handler
    isr.o(.text.UART0_IRQHandler) refers to isr.o(.text.DL_UART_clearInterruptStatus) for DL_UART_clearInterruptStatus
    isr.o(.text.UART0_IRQHandler) refers to zf_driver_uart.o(.data.uart_callback_list) for uart_callback_list
    isr.o(.text.UART0_IRQHandler) refers to zf_driver_uart.o(.bss.uart_callback_ptr_list) for uart_callback_ptr_list
    isr.o(.ARM.exidx.text.UART0_IRQHandler) refers to isr.o(.text.UART0_IRQHandler) for [Anonymous Symbol]
    isr.o(.ARM.exidx.text.DL_UART_getPendingInterrupt) refers to isr.o(.text.DL_UART_getPendingInterrupt) for [Anonymous Symbol]
    isr.o(.ARM.exidx.text.DL_UART_clearInterruptStatus) refers to isr.o(.text.DL_UART_clearInterruptStatus) for [Anonymous Symbol]
    isr.o(.text.UART1_IRQHandler) refers to isr.o(.text.DL_UART_getPendingInterrupt) for DL_UART_getPendingInterrupt
    isr.o(.text.UART1_IRQHandler) refers to isr.o(.text.DL_UART_clearInterruptStatus) for DL_UART_clearInterruptStatus
    isr.o(.text.UART1_IRQHandler) refers to zf_driver_uart.o(.data.uart_callback_list) for uart_callback_list
    isr.o(.text.UART1_IRQHandler) refers to zf_driver_uart.o(.bss.uart_callback_ptr_list) for uart_callback_ptr_list
[...]
    _printf_sizespec                         0x00000000   Number         0  printf_stubs.o ABSOLUTE
    _printf_widthprec                        0x00000000   Number         0  printf_stubs.o ABSOLUTE
    __ARM_exceptions_init                     - Undefined Weak Reference
    __alloca_initialize                       - Undefined Weak Reference
    __arm_preinit_                            - Undefined Weak Reference
    __arm_relocate_pie_                       - Undefined Weak Reference
    __cpp_initialize__aeabi_                  - Undefined Weak Reference
    __cxa_finalize                            - Undefined Weak Reference
    __sigvec_lookup                           - Undefined Weak Reference
    _atexit_init                              - Undefined Weak Reference
    _call_atexit_fns                          - Undefined Weak Reference
    _clock_init                               - Undefined Weak Reference
    _fp_trap_init                             - Undefined Weak Reference
    _fp_trap_shutdown                         - Undefined Weak Reference
    _get_lc_collate                           - Undefined Weak Reference
    _get_lc_monetary                          - Undefined Weak Reference
    _get_lc_time                              - Undefined Weak Reference
    _getenv_init                              - Undefined Weak Reference
    _handle_redirection                       - Undefined Weak Reference
    _init_alloc                               - Undefined Weak Reference
    _init_user_alloc                          - Undefined Weak Reference
    _initio                                   - Undefined Weak Reference
    _printf_mbtowc                            - Undefined Weak Reference
    _printf_wc                                - Undefined Weak Reference
    _rand_init                                - Undefined Weak Reference
    _signal_finish                            - Undefined Weak Reference
    _signal_init                              - Undefined Weak Reference
    _terminate_alloc                          - Undefined Weak Reference
    _terminate_user_alloc                     - Undefined Weak Reference
    _terminateio                              - Undefined Weak Reference
    __Vectors_End                            0x000000c0   Data           0  startup_mspm0g350x_uvision.o(RESET)
    __Vectors_Size                           0x000000c0   Number         0  startup_mspm0g350x_uvision.o ABSOLUTE
    __main                                   0x000000c1   Thumb Code     8  __main.o(!!!main)
    __scatterload                            0x000000c9   Thumb Code     0  __scatter.o(!!!scatter)
    __scatterload_rt2                        0x000000c9   Thumb Code    74  __scatter.o(!!!scatter)
    __scatterload_rt2_thumb_only             0x000000c9   Thumb Code     0  __scatter.o(!!!scatter)
    __scatterload_loop                       0x000000d3   Thumb Code     0  __scatter.o(!!!scatter)
    __scatterload_copy                       0x00000121   Thumb Code    26  __scatter_copy.o(!!handler_copy)
    __scatterload_null                       0x00000141   Thumb Code     2  __scatter.o(!!handler_null)
    __scatterload_zeroinit                   0x00000149   Thumb Code    28  __scatter_zi.o(!!handler_zi)
    _printf_percent                          0x00000165   Thumb Code     0  _printf_percent.o(.ARM.Collect$$_printf_percent$$00000000)
    _printf_n                                0x00000167   Thumb Code     0  _printf_n.o(.ARM.Collect$$_printf_percent$$00000001)
    _printf_p                                0x00000171   Thumb Code     0  _printf_p.o(.ARM.Collect$$_printf_percent$$00000002)
    _printf_f                                0x0000017b   Thumb Code     0  _printf_f.o(.ARM.Collect$$_printf_percent$$00000003)
    _printf_e                                0x00000185   Thumb Code     0  _printf_e.o(.ARM.Collect$$_printf_percent$$00000004)
    _printf_g                                0x0000018f   Thumb Code     0  _printf_g.o(.ARM.Collect$$_printf_percent$$00000005)
    _printf_a                                0x00000199   Thumb Code     0  _printf_a.o(.ARM.Collect$$_printf_percent$$00000006)
    _printf_ll                               0x000001a3   Thumb Code     0  _printf_ll.o(.ARM.Collect$$_printf_percent$$00000007)
    _printf_i                                0x000001ad   Thumb Code     0  _printf_i.o(.ARM.Collect$$_printf_percent$$00000008)
    _printf_d                                0x000001b7   Thumb Code     0  _printf_d.o(.ARM.Collect$$_printf_percent$$00000009)
    _printf_u                                0x000001c1   Thumb Code     0  _printf_u.o(.ARM.Collect$$_printf_percent$$0000000A)
    _printf_o                                0x000001cb   Thumb Code     0  _printf_o.o(.ARM.Collect$$_printf_percent$$0000000B)
    _printf_x                                0x000001d5   Thumb Code     0  _printf_x.o(.ARM.Collect$$_printf_percent$$0000000C)
    _printf_lli                              0x000001df   Thumb Code     0  _printf_lli.o(.ARM.Collect$$_printf_percent$$0000000D)
    _printf_lld                              0x000001e9   Thumb Code     0  _printf_lld.o(.ARM.Collect$$_printf_percent$$0000000E)
    _printf_llu                              0x000001f3   Thumb Code     0  _printf_llu.o(.ARM.Collect$$_printf_percent$$0000000F)
    _printf_llo                              0x000001fd   Thumb Code     0  _printf_llo.o(.ARM.Collect$$_printf_percent$$00000010)
    _printf_llx                              0x00000207   Thumb Code     0  _printf_llx.o(.ARM.Collect$$_printf_percent$$00000011)
    _printf_l                                0x00000211   Thumb Code     0  _printf_l.o(.ARM.Collect$$_printf_percent$$00000012)
    _printf_c                                0x0000021b   Thumb Code     0  _printf_c.o(.ARM.Collect$$_printf_percent$$00000013)
    _printf_s                                0x00000225   Thumb Code     0  _printf_s.o(.ARM.Collect$$_printf_percent$$00000014)
    _printf_lc                               0x0000022f   Thumb Code     0  _printf_lc.o(.ARM.Collect$$_printf_percent$$00000015)
    _printf_ls                               0x00000239   Thumb Code     0  _printf_ls.o(.ARM.Collect$$_printf_percent$$00000016)
    _printf_percent_end                      0x00000243   Thumb Code     0  _printf_percent_end.o(.ARM.Collect$$_printf_percent$$00000017)
    __rt_lib_init                            0x00000247   Thumb Code     0  libinit.o(.ARM.Collect$$libinit$$00000000)
    __rt_lib_init_fp_1                       0x00000249   Thumb Code     0  libinit2.o(.ARM.Collect$$libinit$$00000002)
    __rt_lib_init_heap_1                     0x00000249   Thumb Code     0  libinit2.o(.ARM.Collect$$libinit$$0000000C)
    __rt_lib_init_lc_common                  0x00000249   Thumb Code     0  libinit2.o(.ARM.Collect$$libinit$$00000011)
    __rt_lib_init_preinit_1                  0x00000249   Thumb Code     0  libinit2.o(.ARM.Collect$$libinit$$00000006)
    __rt_lib_init_rand_1                     0x00000249   Thumb Code     0  libinit2.o(.ARM.Collect$$libinit$$00000010)
    __rt_lib_init_relocate_pie_1             0x00000249   Thumb Code     0  libinit2.o(.ARM.Collect$$libinit$$00000004)
    __rt_lib_init_user_alloc_1               0x00000249   Thumb Code     0  libinit2.o(.ARM.Collect$$libinit$$0000000E)
    __rt_lib_init_lc_collate_1               0x0000024f   Thumb Code     0  libinit2.o(.ARM.Collect$$libinit$$00000013)
    __rt_lib_init_lc_ctype_2                 0x0000024f   Thumb Code     0  libinit2.o(.ARM.Collect$$libinit$$00000014)
    __rt_lib_init_lc_ctype_1                 0x0000025b   Thumb Code     0  libinit2.o(.ARM.Collect$$libinit$$00000015)
    __rt_lib_init_lc_monetary_1              0x0000025b   Thumb Code     0  libinit2.o(.ARM.Collect$$libinit$$00000017)
    __rt_lib_init_lc_numeric_2               0x0000025b   Thumb Code     0  libinit2.o(.ARM.Collect$$libinit$$00000018)
    __rt_lib_init_alloca_1                   0x00000265   Thumb Code     0  libinit2.o(.ARM.Collect$$libinit$$00000030)
    __rt_lib_init_argv_1                     0x00000265   Thumb Code     0  libinit2.o(.ARM.Collect$$libinit$$0000002E)
    __rt_lib_init_atexit_1                   0x00000265   Thumb Code     0  libinit2.o(.ARM.Collect$$libinit$$0000001D)
    __rt_lib_init_clock_1                    0x00000265   Thumb Code     0  libinit2.o(.ARM.Collect$$libinit$$00000023)
    __rt_lib_init_cpp_1                      0x00000265   Thumb Code     0  libinit2.o(.ARM.Collect$$libinit$$00000034)
    __rt_lib_init_exceptions_1               0x00000265   Thumb Code     0  libinit2.o(.ARM.Collect$$libinit$$00000032)
    __rt_lib_init_fp_trap_1                  0x00000265   Thumb Code     0  libinit2.o(.ARM.Collect$$libinit$$00000021)
    __rt_lib_init_getenv_1                   0x00000265   Thumb Code     0  libinit2.o(.ARM.Collect$$libinit$$00000025)
    __rt_lib_init_lc_numeric_1               0x00000265   Thumb Code     0  libinit2.o(.ARM.Collect$$libinit$$00000019)
    __rt_lib_init_lc_time_1                  0x00000265   Thumb Code     0  libinit2.o(.ARM.Collect$$libinit$$0000001B)
    __rt_lib_init_return                     0x00000265   Thumb Code     0  libinit2.o(.ARM.Collect$$libinit$$00000035)
    __rt_lib_init_signal_1                   0x00000265   Thumb Code     0  libinit2.o(.ARM.Collect$$libinit$$0000001F)
    __rt_lib_init_stdio_1                    0x00000265   Thumb Code     0  libinit2.o(.ARM.Collect$$libinit$$00000027)
    __rt_lib_shutdown                        0x00000267   Thumb Code     0  libshutdown.o(.ARM.Collect$$libshutdown$$00000000)
    __rt_lib_shutdown_cpp_1                  0x00000269   Thumb Code     0  libshutdown2.o(.ARM.Collect$$libshutdown$$00000002)
    __rt_lib_shutdown_fp_trap_1              0x00000269   Thumb Code     0  libshutdown2.o(.ARM.Collect$$libshutdown$$00000007)
    __rt_lib_shutdown_heap_1                 0x00000269   Thumb Code     0  libshutdown2.o(.ARM.Collect$$libshutdown$$0000000F)
    __rt_lib_shutdown_return                 0x00000269   Thumb Code     0  libshutdown2.o(.ARM.Collect$$libshutdown$$00000010)
    __rt_lib_shutdown_signal_1               0x00000269   Thumb Code     0  libshutdown2.o(.ARM.Collect$$libshutdown$$0000000A)
    __rt_lib_shutdown_stdio_1                0x00000269   Thumb Code     0  libshutdown2.o(.ARM.Collect$$libshutdown$$00000004)
    __rt_lib_shutdown_user_alloc_1           0x00000269   Thumb Code     0  libshutdown2.o(.ARM.Collect$$libshutdown$$0000000C)
    __rt_entry                               0x0000026b   Thumb Code     0  __rtentry.o(.ARM.Collect$$rtentry$$00000000)
    __rt_entry_presh_1                       0x0000026b   Thumb Code     0  __rtentry2.o(.ARM.Collect$$rtentry$$00000002)
    __rt_entry_sh                            0x0000026b   Thumb Code     0  __rtentry4.o(.ARM.Collect$$rtentry$$00000004)
    __rt_entry_li                            0x00000271   Thumb Code     0  __rtentry2.o(.ARM.Collect$$rtentry$$0000000A)
    __rt_entry_postsh_1                      0x00000271   Thumb Code     0  __rtentry2.o(.ARM.Collect$$rtentry$$00000009)
    __rt_entry_main                          0x00000275   Thumb Code     0  __rtentry2.o(.ARM.Collect$$rtentry$$0000000D)
    __rt_entry_postli_1                      0x00000275   Thumb Code     0  __rtentry2.o(.ARM.Collect$$rtentry$$0000000C)
    __rt_exit                                0x0000027d   Thumb Code     0  rtexit.o(.ARM.Collect$$rtexit$$00000000)
    __rt_exit_ls                             0x0000027f   Thumb Code     0  rtexit2.o(.ARM.Collect$$rtexit$$00000003)
    __rt_exit_prels_1                        0x0000027f   Thumb Code     0  rtexit2.o(.ARM.Collect$$rtexit$$00000002)
    __rt_exit_exit                           0x00000283   Thumb Code     0  rtexit2.o(.ARM.Collect$$rtexit$$00000004)
    __aeabi_memcpy4                          0x00000289   Thumb Code    56  rt_memcpy.o(.emb_text)
    __aeabi_memcpy8                          0x00000289   Thumb Code     0  rt_memcpy.o(.emb_text)
    Reset_Handler                            0x000002c1   Thumb Code     4  startup_mspm0g350x_uvision.o(.text)
    NMI_Handler                              0x000002c5   Thumb Code     2  startup_mspm0g350x_uvision.o(.text)
    HardFault_Handler                        0x000002c7   Thumb Code     2  startup_mspm0g350x_uvision.o(.text)
    SVC_Handler                              0x000002c9   Thumb Code     2  startup_mspm0g350x_uvision.o(.text)
    PendSV_Handler                           0x000002cb   Thumb Code     2  startup_mspm0g350x_uvision.o(.text)
    SysTick_Handler                          0x000002cd   Thumb Code     2  startup_mspm0g350x_uvision.o(.text)
    ADC0_IRQHandler                          0x000002cf   Thumb Code     0  startup_mspm0g350x_uvision.o(.text)
    ADC1_IRQHandler                          0x000002cf   Thumb Code     0  startup_mspm0g350x_uvision.o(.text)
    AES_IRQHandler                           0x000002cf   Thumb Code     0  startup_mspm0g350x_uvision.o(.text)
    CANFD0_IRQHandler                        0x000002cf   Thumb Code     0  startup_mspm0g350x_uvision.o(.text)
    DAC0_IRQHandler                          0x000002cf   Thumb Code     0  startup_mspm0g350x_uvision.o(.text)
    DMA_IRQHandler                           0x000002cf   Thumb Code     0  startup_mspm0g350x_uvision.o(.text)
    Default_Handler                          0x000002cf   Thumb Code     2  startup_mspm0g350x_uvision.o(.text)
    GROUP0_IRQHandler                        0x000002cf   Thumb Code     0  startup_mspm0g350x_uvision.o(.text)
    I2C0_IRQHandler                          0x000002cf   Thumb Code     0  startup_mspm0g350x_uvision.o(.text)
    I2C1_IRQHandler                          0x000002cf   Thumb Code     0  startup_mspm0g350x_uvision.o(.text)
    RTC_IRQHandler                           0x000002cf   Thumb Code     0  startup_mspm0g350x_uvision.o(.text)
    SPI0_IRQHandler                          0x000002cf   Thumb Code     0  startup_mspm0g350x_uvision.o(.text)
    SPI1_IRQHandler                          0x000002cf   Thumb Code     0  startup_mspm0g350x_uvision.o(.text)
    __user_initial_stackheap                 0x000002d1   Thumb Code    10  startup_mspm0g350x_uvision.o(.text)
    sprintf                                  0x000002f1   Thumb Code    40  sprintf.o(.text)
    strlen                                   0x0000031d   Thumb Code    62  strlen.o(.text)
    __aeabi_memcpy                           0x00000361   Thumb Code   130  rt_memcpy.o(.text)
    __rt_memcpy                              0x00000361   Thumb Code     0  rt_memcpy.o(.text)
    _memset_w                                0x000003e3   Thumb Code    26  rt_memclr.o(.text)
    _memset                                  0x000003fd   Thumb Code    30  rt_memclr.o(.text)
    __aeabi_memclr                           0x0000041b   Thumb Code     4  rt_memclr.o(.text)
    __rt_memclr                              0x0000041b   Thumb Code     0  rt_memclr.o(.text)
    __aeabi_memclr4                          0x0000041f   Thumb Code     0  rt_memclr.o(.text)
    __aeabi_memclr8                          0x0000041f   Thumb Code     0  rt_memclr.o(.text)
    __rt_memclr_w                            0x0000041f   Thumb Code     4  rt_memclr.o(.text)
    __aeabi_uidiv                            0x00000425   Thumb Code     0  aeabi_sdiv.o(.text)
    __aeabi_uidivmod                         0x00000425   Thumb Code    20  aeabi_sdiv.o(.text)
    __aeabi_idiv                             0x00000439   Thumb Code     0  aeabi_sdiv.o(.text)
    __aeabi_idivmod                          0x00000439   Thumb Code   338  aeabi_sdiv.o(.text)
    __use_two_region_memory                  0x00000591   Thumb Code     2  heapauxi.o(.text)
    __rt_heap_escrow$2region                 0x00000593   Thumb Code     2  heapauxi.o(.text)
    __rt_heap_expand$2region                 0x00000595   Thumb Code     2  heapauxi.o(.text)
    __aeabi_dadd                             0x00000891   Thumb Code     0  daddsub.o(.text)
    _dadd                                    0x00000891   Thumb Code    26  daddsub.o(.text)
    __aeabi_dsub                             0x000008ab   Thumb Code     0  daddsub.o(.text)
    _dsub                                    0x000008ab   Thumb Code    22  daddsub.o(.text)
    __aeabi_drsub                            0x000008c1   Thumb Code     0  daddsub.o(.text)
    _drsb                                    0x000008c1   Thumb Code    28  daddsub.o(.text)
    __aeabi_ddiv                             0x000008f1   Thumb Code     0  ddiv.o(.text)
    _ddiv                                    0x000008f1   Thumb Code  1072  ddiv.o(.text)
    _drdiv                                   0x00000d21   Thumb Code    20  ddiv.o(.text)
    __aeabi_d2iz                             0x00000d39   Thumb Code     0  dfixi.o(.text)
    _dfix                                    0x00000d39   Thumb Code    98  dfixi.o(.text)
    __aeabi_i2d_normalise                    0x00000da5   Thumb Code    66  dflti.o(.text)
    __aeabi_i2d                              0x00000de7   Thumb Code    16  dflti.o(.text)
    _dflt                                    0x00000de7   Thumb Code     0  dflti.o(.text)
    __aeabi_ui2d                             0x00000df7   Thumb Code     6  dflti.o(.text)
    _dfltu                                   0x00000df7   Thumb Code     0  dflti.o(.text)
    __aeabi_dmul                             0x00000dfd   Thumb Code     0  dmul.o(.text)
    _dmul                                    0x00000dfd   Thumb Code   558  dmul.o(.text)
    __aeabi_fdiv                             0x00001045   Thumb Code     0  fdiv.o(.text)
    _fdiv                                    0x00001045   Thumb Code   334  fdiv.o(.text)
    _frdiv                                   0x00001193   Thumb Code     8  fdiv.o(.text)
    __aeabi_f2uiz                            0x000011a5   Thumb Code     0  ffixui.o(.text)
    _ffixu                                   0x000011a5   Thumb Code    48  ffixui.o(.text)
    __aeabi_i2f_normalise                    0x000011d5   Thumb Code    72  fflti.o(.text)
    __aeabi_i2f                              0x0000121d   Thumb Code    16  fflti.o(.text)
    _fflt                                    0x0000121d   Thumb Code     0  fflti.o(.text)
    __aeabi_ui2f                             0x0000122d   Thumb Code     6  fflti.o(.text)
    _ffltu                                   0x0000122d   Thumb Code     0  fflti.o(.text)
    _printf_pre_padding                      0x00001233   Thumb Code    44  _printf_pad.o(.text)
    _printf_post_padding                     0x0000125f   Thumb Code    34  _printf_pad.o(.text)
    _printf_truncate_signed                  0x00001281   Thumb Code    18  _printf_truncate.o(.text)
    _printf_truncate_unsigned                0x00001293   Thumb Code    18  _printf_truncate.o(.text)
    _printf_str                              0x000012a5   Thumb Code    82  _printf_str.o(.text)
    _printf_int_dec                          0x000012f9   Thumb Code    90  _printf_dec.o(.text)
    _printf_charcount                        0x00001365   Thumb Code    38  _printf_charcount.o(.text)
    _printf_char_common                      0x00001397   Thumb Code    32  _printf_char_common.o(.text)
    _sputc                                   0x000013bd   Thumb Code    10  _sputc.o(.text)
    _printf_wctomb                           0x000013c9   Thumb Code   182  _printf_wctomb.o(.text)
    _printf_longlong_dec                     0x00001485   Thumb Code    94  _printf_longlong_dec.o(.text)
    _printf_longlong_oct                     0x000014f5   Thumb Code    68  _printf_oct_int_ll.o(.text)
    _printf_int_oct                          0x00001539   Thumb Code    24  _printf_oct_int_ll.o(.text)
    _printf_ll_oct                           0x00001551   Thumb Code    10  _printf_oct_int_ll.o(.text)
    _printf_longlong_hex                     0x00001565   Thumb Code    88  _printf_hex_int_ll_ptr.o(.text)
    _printf_int_hex                          0x000015bd   Thumb Code    28  _printf_hex_int_ll_ptr.o(.text)
    _printf_ll_hex                           0x000015d9   Thumb Code    10  _printf_hex_int_ll_ptr.o(.text)
    _printf_hex_ptr                          0x000015e3   Thumb Code    22  _printf_hex_int_ll_ptr.o(.text)
    __printf                                 0x000015fd   Thumb Code   386  __printf_flags_ss_wp.o(.text)
    _ll_udiv10                               0x00001785   Thumb Code   122  lludiv10.o(.text)
    _printf_int_common                       0x000017ff   Thumb Code   176  _printf_intcommon.o(.text)
    _printf_fp_dec_real                      0x00001a4d   Thumb Code   620  _printf_fp_dec.o(.text)
    _printf_fp_hex_real                      0x00001cc5   Thumb Code   718  _printf_fp_hex.o(.text)
    _printf_cs_common                        0x00001f9d   Thumb Code    22  _printf_char.o(.text)
    _printf_char                             0x00001fb3   Thumb Code    16  _printf_char.o(.text)
    _printf_string                           0x00001fc3   Thumb Code     8  _printf_char.o(.text)
    _printf_lcs_common                       0x00001fcb   Thumb Code    22  _printf_wchar.o(.text)
    _printf_wchar                            0x00001fe1   Thumb Code    16  _printf_wchar.o(.text)
    _printf_wstring                          0x00001ff1   Thumb Code     8  _printf_wchar.o(.text)
    _c16rtomb                                0x00001ff9   Thumb Code    66  _c16rtomb.o(.text)
    _wcrtomb                                 0x00001ff9   Thumb Code     0  _c16rtomb.o(.text)
    __rt_udiv10                              0x0000203b   Thumb Code    40  rtudiv10.o(.text)
    __fpl_dcmp_InfNaN                        0x00002065   Thumb Code   154  dcmpin.o(.text)
    __user_libspace                          0x00002105   Thumb Code     8  libspace.o(.text)
    __user_perproc_libspace                  0x00002105   Thumb Code     0  libspace.o(.text)
    __user_perthread_libspace                0x00002105   Thumb Code     0  libspace.o(.text)
    __user_setup_stackheap                   0x0000210d   Thumb Code    62  sys_stackheap_outer.o(.text)
    __rt_ctype_table                         0x0000214d   Thumb Code    16  rt_ctype_table.o(.text)
    __rt_locale                              0x0000215d   Thumb Code     8  rt_locale_intlibspace.o(.text)
    _printf_fp_infnan                        0x00002165   Thumb Code   120  _printf_fp_infnan.o(.text)
    _btod_etento                             0x000021ed   Thumb Code   210  bigflt0.o(.text)
    _btod_d2e                                0x000022c5   Thumb Code    64  btod.o(.text)
    _btod_emul                               0x000026f9   Thumb Code    28  btod.o(.text)
    _btod_emuld                              0x00002715   Thumb Code   144  btod.o(.text)
    _btod_ediv                               0x000027a5   Thumb Code    26  btod.o(.text)
    _btod_edivd                              0x000027bf   Thumb Code   124  btod.o(.text)
    exit                                     0x00002845   Thumb Code    16  exit.o(.text)
    __fpl_cmpreturn                          0x00002855   Thumb Code    46  cmpret.o(.text)
    __fpl_dcheck_NaN2                        0x00002885   Thumb Code    14  dnan2.o(.text)
    strcmp                                   0x00002899   Thumb Code   132  strcmp.o(.text)
    __fpl_return_NaN                         0x00002921   Thumb Code    94  retnan.o(.text)
    DL_Common_delayCycles                    0x000029cd   Thumb Code    20  dl_common.o(.text.DL_Common_delayCycles)
    DL_SPI_init                              0x00002b8d   Thumb Code    64  dl_spi.o(.text.DL_SPI_init)
    DL_SPI_setClockConfig                    0x00002c11   Thumb Code    32  dl_spi.o(.text.DL_SPI_setClockConfig)
    DL_SYSCTL_configFCC                      0x00002c65   Thumb Code    36  dl_sysctl_mspm0g1x0x_g3x0x.o(.text.DL_SYSCTL_configFCC)
    DL_SYSCTL_configSYSPLL                   0x00002c89   Thumb Code   200  dl_sysctl_mspm0g1x0x_g3x0x.o(.text.DL_SYSCTL_configSYSPLL)
    DL_SYSCTL_setHFCLKSourceHFXTParams       0x00002e99   Thumb Code    96  dl_sysctl_mspm0g1x0x_g3x0x.o(.text.DL_SYSCTL_setHFCLKSourceHFXTParams)
    DL_SYSCTL_setLFCLKSourceLFXT             0x00002f49   Thumb Code    68  dl_sysctl_mspm0g1x0x_g3x0x.o(.text.DL_SYSCTL_setLFCLKSourceLFXT)
    DL_SYSCTL_switchMCLKfromSYSOSCtoHSCLK    0x00003001   Thumb Code    72  dl_sysctl_mspm0g1x0x_g3x0x.o(.text.DL_SYSCTL_switchMCLKfromSYSOSCtoHSCLK)
    DL_UART_init                             0x00003149   Thumb Code    68  dl_uart.o(.text.DL_UART_init)
    DL_UART_setClockConfig                   0x0000322d   Thumb Code    32  dl_uart.o(.text.DL_UART_setClockConfig)
    DL_VREF_configReference                  0x00003285   Thumb Code    48  dl_vref.o(.text.DL_VREF_configReference)
    GROUP1_IRQHandler                        0x0000330d   Thumb Code   252  isr.o(.text.GROUP1_IRQHandler)
    SYSCFG_DL_GPIO_init                      0x00003419   Thumb Code    48  ti_msp_dl_config.o(.text.SYSCFG_DL_GPIO_init)
    SYSCFG_DL_SYSCTL_SYSPLL_init             0x00003449   Thumb Code   168  ti_msp_dl_config.o(.text.SYSCFG_DL_SYSCTL_SYSPLL_init)
    SYSCFG_DL_SYSCTL_init                    0x000034f9   Thumb Code   140  ti_msp_dl_config.o(.text.SYSCFG_DL_SYSCTL_init)
    SYSCFG_DL_SYSTICK_init                   0x0000358d   Thumb Code    14  ti_msp_dl_config.o(.text.SYSCFG_DL_SYSTICK_init)
    SYSCFG_DL_VREF_init                      0x0000359d   Thumb Code    12  ti_msp_dl_config.o(.text.SYSCFG_DL_VREF_init)
    SYSCFG_DL_init                           0x000035ad   Thumb Code    24  ti_msp_dl_config.o(.text.SYSCFG_DL_init)
    SYSCFG_DL_initPower                      0x000035c5   Thumb Code    56  ti_msp_dl_config.o(.text.SYSCFG_DL_initPower)
    TIMA0_IRQHandler                         0x00003609   Thumb Code    16  isr.o(.text.TIMA0_IRQHandler)
    TIMA1_IRQHandler                         0x00003619   Thumb Code    16  isr.o(.text.TIMA1_IRQHandler)
    TIMG0_IRQHandler                         0x00003629   Thumb Code    16  isr.o(.text.TIMG0_IRQHandler)
    TIMG12_IRQHandler                        0x00003639   Thumb Code    16  isr.o(.text.TIMG12_IRQHandler)
    TIMG6_IRQHandler                         0x00003649   Thumb Code    16  isr.o(.text.TIMG6_IRQHandler)
    TIMG7_IRQHandler                         0x00003659   Thumb Code    16  isr.o(.text.TIMG7_IRQHandler)
    TIMG8_IRQHandler                         0x00003669   Thumb Code    16  isr.o(.text.TIMG8_IRQHandler)
    UART0_IRQHandler                         0x00003681   Thumb Code    76  isr.o(.text.UART0_IRQHandler)
    UART1_IRQHandler                         0x000036d5   Thumb Code    80  isr.o(.text.UART1_IRQHandler)
    UART2_IRQHandler                         0x00003731   Thumb Code    72  isr.o(.text.UART2_IRQHandler)
    UART3_IRQHandler                         0x00003781   Thumb Code    72  isr.o(.text.UART3_IRQHandler)
    _sys_exit                                0x000038b9   Thumb Code     8  zf_common_debug.o(.text._sys_exit)
    afio_init                                0x000038c1   Thumb Code   328  zf_driver_gpio.o(.text.afio_init)
    clock_init                               0x00003a19   Thumb Code    30  zf_common_clock.o(.text.clock_init)
    debug_assert_handler                     0x00003b85   Thumb Code    92  zf_common_debug.o(.text.debug_assert_handler)
    debug_init                               0x00003c2d   Thumb Code    72  zf_common_debug.o(.text.debug_init)
    debug_interrupr_handler                  0x00003c85   Thumb Code    28  zf_common_debug.o(.text.debug_interrupr_handler)
    debug_output_init                        0x00003fed   Thumb Code    64  zf_common_debug.o(.text.debug_output_init)
    debug_output_struct_init                 0x00004035   Thumb Code    48  zf_common_debug.o(.text.debug_output_struct_init)
    fifo_init                                0x00004131   Thumb Code   136  zf_common_fifo.o(.text.fifo_init)
    fifo_write_buffer                        0x000041c1   Thumb Code   932  zf_common_fifo.o(.text.fifo_write_buffer)
    gpio_get_level                           0x00004569   Thumb Code    52  zf_driver_gpio.o(.text.gpio_get_level)
    gpio_init                                0x0000459d   Thumb Code   424  zf_driver_gpio.o(.text.gpio_init)
    gpio_set_a0_a1_output                    0x00004765   Thumb Code    50  zf_driver_gpio.o(.text.gpio_set_a0_a1_output)
    gpio_set_level                           0x00004799   Thumb Code   100  zf_driver_gpio.o(.text.gpio_set_level)
    gpio_toggle_level                        0x000047fd   Thumb Code   116  zf_driver_gpio.o(.text.gpio_toggle_level)
    interrupt_disable                        0x00004879   Thumb Code    22  zf_common_interrupt.o(.text.interrupt_disable)
    interrupt_enable                         0x0000488f   Thumb Code    22  zf_common_interrupt.o(.text.interrupt_enable)
    interrupt_global_disable                 0x000048a5   Thumb Code    28  zf_common_interrupt.o(.text.interrupt_global_disable)
    interrupt_init                           0x000048c5   Thumb Code     2  zf_common_interrupt.o(.text.interrupt_init)
    interrupt_set_priority                   0x000048c7   Thumb Code    30  zf_common_interrupt.o(.text.interrupt_set_priority)
    key_clear_state                          0x000048e5   Thumb Code    20  zf_device_key.o(.text.key_clear_state)
    key_get_state                            0x000048f9   Thumb Code    20  zf_device_key.o(.text.key_get_state)
    key_init                                 0x0000490d   Thumb Code    96  zf_device_key.o(.text.key_init)
    key_scanner                              0x00004971   Thumb Code   192  zf_device_key.o(.text.key_scanner)
    main                                     0x00004a41   Thumb Code   124  main.o(.text.main)
    pit_enable                               0x00004ad1   Thumb Code    32  zf_driver_pit.o(.text.pit_enable)
    pit_ms_init                              0x00004af1   Thumb Code   112  zf_driver_pit.o(.text.pit_ms_init)
    pit_us_init                              0x00004c51   Thumb Code   264  zf_driver_pit.o(.text.pit_us_init)
    pwm_init                                 0x00004d81   Thumb Code   476  zf_driver_pwm.o(.text.pwm_init)
    pwm_set_duty                             0x00004f81   Thumb Code   244  zf_driver_pwm.o(.text.pwm_set_duty)
    servo_init                               0x00005095   Thumb Code    28  servo.o(.text.servo_init)
    servo_set_angle                          0x000050b5   Thumb Code    60  servo.o(.text.servo_set_angle)
    servo_sweep                              0x000050f5   Thumb Code   108  servo.o(.text.servo_sweep)
    spi_init                                 0x00005299   Thumb Code   580  zf_driver_spi.o(.text.spi_init)
    spi_write_16bit_array                    0x00005505   Thumb Code    64  zf_driver_spi.o(.text.spi_write_16bit_array)
    spi_write_8bit                           0x00005549   Thumb Code    28  zf_driver_spi.o(.text.spi_write_8bit)
    system_delay_init                        0x00005565   Thumb Code     2  zf_driver_delay.o(.text.system_delay_init)
    system_delay_ms                          0x00005569   Thumb Code    68  zf_driver_delay.o(.text.system_delay_ms)
    tft180_clear                             0x000055bd   Thumb Code   236  zf_device_tft180.o(.text.tft180_clear)
    tft180_init                              0x00005731   Thumb Code   968  zf_device_tft180.o(.text.tft180_init)
    tft180_set_color                         0x00005b11   Thumb Code    28  zf_device_tft180.o(.text.tft180_set_color)
    tft180_set_dir                           0x00005b35   Thumb Code    64  zf_device_tft180.o(.text.tft180_set_dir)
    tft180_show_char                         0x00005d0d   Thumb Code   672  zf_device_tft180.o(.text.tft180_show_char)
    tft180_show_string                       0x00005fc9   Thumb Code   208  zf_device_tft180.o(.text.tft180_show_string)
    tick_get                                 0x00006109   Thumb Code     8  tick.o(.text.tick_get)
    tick_init                                0x00006111   Thumb Code    20  tick.o(.text.tick_init)
    timer_clock_enable                       0x0000612d   Thumb Code    32  zf_driver_timer.o(.text.timer_clock_enable)
    timer_funciton_check                     0x00006155   Thumb Code    88  zf_driver_timer.o(.text.timer_funciton_check)
    uart_init                                0x000061bd   Thumb Code   264  zf_driver_uart.o(.text.uart_init)
    uart_query_byte                          0x000062e1   Thumb Code    88  zf_driver_uart.o(.text.uart_query_byte)
    uart_set_interrupt_config                0x00006339   Thumb Code   384  zf_driver_uart.o(.text.uart_set_interrupt_config)
    uart_write_string                        0x000064c1   Thumb Code    88  zf_driver_uart.o(.text.uart_write_string)
    __ARM_common_ll_muluu                    0x00006521   Thumb Code    48  btod.o(i.__ARM_common_ll_muluu)
    __ARM_fpclassify                         0x00006551   Thumb Code    40  fpclassify.o(i.__ARM_fpclassify)
    __aeabi_dcmpge                           0x0000657d   Thumb Code     0  dcmp.o(i._dgeq)
    _dgeq                                    0x0000657d   Thumb Code    22  dcmp.o(i._dgeq)
    __aeabi_dcmple                           0x00006593   Thumb Code     0  dcmp.o(i._dleq)
    _dleq                                    0x00006593   Thumb Code    26  dcmp.o(i._dleq)
    _is_digit                                0x000065ad   Thumb Code    14  __printf_wp.o(i._is_digit)
    _get_lc_numeric                          0x000065bd   Thumb Code    44  lc_numeric_c.o(locale$$code)
    _get_lc_ctype                            0x000065e9   Thumb Code    44  lc_ctype_c.o(locale$$code)
    _dcmpge                                  0x00006615   Thumb Code    94  dgef.o(x$fpl$dgeqf)
    __aeabi_cdcmple                          0x00006679   Thumb Code     0  dlef.o(x$fpl$dleqf)
    _dcmple                                  0x00006679   Thumb Code    94  dlef.o(x$fpl$dleqf)
    __aeabi_fmul                             0x000066dd   Thumb Code     0  fmul.o(x$fpl$fmul)
    _fmul                                    0x000066dd   Thumb Code   172  fmul.o(x$fpl$fmul)
    _printf_fp_dec                           0x0000678d   Thumb Code    16  printf1.o(x$fpl$printf1)
    _printf_fp_hex                           0x0000679d   Thumb Code    16  printf2.o(x$fpl$printf2)
    __I$use$fp                               0x000067ac   Number         0  usenofp.o(x$fpl$usenofp)
    ascii_font_6x8                           0x00006968   Data         552  zf_common_font.o(.rodata.ascii_font_6x8)
    ascii_font_8x16                          0x00006b90   Data        1520  zf_common_font.o(.rodata.ascii_font_8x16)
    gpio_iomux_index                         0x000071b8   Data          60  zf_driver_gpio.o(.rodata.gpio_iomux_index)
    irq_index                                0x000071f4   Data           7  zf_driver_pit.o(.rodata.irq_index)
    timer_reg                                0x000073d0   Data          28  zf_driver_timer.o(.rodata.timer_reg)
    Region$$Table$$Base                      0x000073f8   Number         0  anon$$obj.o(Region$$Table)
    Region$$Table$$Limit                     0x00007418   Number         0  anon$$obj.o(Region$$Table)
    __ctype                                  0x00007441   Data           0  lc_ctype_c.o(locale$$data)
    exti_callback_list                       0x20200004   Data         128  zf_driver_exti.o(.data.exti_callback_list)
    gpio_group                               0x20200084   Data           8  zf_driver_gpio.o(.data.gpio_group)
    pit_callback_ptr_list                    0x2020008c   Data          28  zf_driver_pit.o(.data.pit_callback_ptr_list)
    uart_callback_list                       0x202000b8   Data          16  zf_driver_uart.o(.data.uart_callback_list)
    wireless_module_uart_handler             0x202000dc   Data           4  zf_device_type.o(.data.wireless_module_uart_handler)
    __libspace_start                         0x202000e8   Data          96  libspace.o(.bss)
    __temporary_stack_top$libspace           0x20200148   Data           0  libspace.o(.bss)
    debug_uart_buffer                        0x20200164   Data          64  zf_common_debug.o(.bss.debug_uart_buffer)
    debug_uart_data                          0x202001a4   Data           1  zf_common_debug.o(.bss.debug_uart_data)
    debug_uart_fifo                          0x202001a5   Data          22  zf_common_debug.o(.bss.debug_uart_fifo)
    exti_callback_ptr_list                   0x202001bc   Data         128  zf_driver_exti.o(.bss.exti_callback_ptr_list)
    pit_callback_list                        0x20200258   Data          28  zf_driver_pit.o(.bss.pit_callback_list)
    timer_function_state                     0x2020027d   Data           7  zf_driver_timer.o(.bss.timer_function_state)
    uart_callback_ptr_list                   0x20200284   Data          16  zf_driver_uart.o(.bss.uart_callback_ptr_list)



==============================================================================

Memory Map of the image

  Image Entry point : 0x000000c1

  Load Region LR_IROM1 (Base: 0x00000000, Size: 0x00007630, Max: 0x00020000, ABSOLUTE)

    Execution Region ER_IROM1 (Exec base: 0x00000000, Load base: 0x00000000, Size: 0x00007544, Max: 0x00020000, ABSOLUTE)

    Exec Addr    Load Addr    Size         Type   Attr      Idx    E Section Name        Object

    0x00000000   0x00000000   0x000000c0   Data   RO         1542    RESET               startup_mspm0g350x_uvision.o
    0x000000c0   0x000000c0   0x00000008   Code   RO         2854  * !!!main             c_p.l(__main.o)
    0x000000c8   0x000000c8   0x00000054   Code   RO         3339    !!!scatter          c_p.l(__scatter.o)
    0x0000011c   0x0000011c   0x00000004   PAD
    0x00000120   0x00000120   0x0000001a   Code   RO         3343    !!handler_copy      c_p.l(__scatter_copy.o)
    0x0000013a   0x0000013a   0x00000006   PAD
    0x00000140   0x00000140   0x00000002   Code   RO         3340    !!handler_null      c_p.l(__scatter.o)
    0x00000142   0x00000142   0x00000006   PAD
    0x00000148   0x00000148   0x0000001c   Code   RO         3345    !!handler_zi        c_p.l(__scatter_zi.o)
    0x00000164   0x00000164   0x00000002   Code   RO         3018    .ARM.Collect$$_printf_percent$$00000000  c_p.l(_printf_percent.o)
    0x00000166   0x00000166   0x0000000a   Code   RO         3007    .ARM.Collect$$_printf_percent$$00000001  c_p.l(_printf_n.o)
    0x00000170   0x00000170   0x0000000a   Code   RO         3009    .ARM.Collect$$_printf_percent$$00000002  c_p.l(_printf_p.o)
    0x0000017a   0x0000017a   0x0000000a   Code   RO         3014    .ARM.Collect$$_printf_percent$$00000003  c_p.l(_printf_f.o)
    0x00000184   0x00000184   0x0000000a   Code   RO         3015    .ARM.Collect$$_printf_percent$$00000004  c_p.l(_printf_e.o)
    0x0000018e   0x0000018e   0x0000000a   Code   RO         3016    .ARM.Collect$$_printf_percent$$00000005  c_p.l(_printf_g.o)
    0x00000198   0x00000198   0x0000000a   Code   RO         3017    .ARM.Collect$$_printf_percent$$00000006  c_p.l(_printf_a.o)
    0x000001a2   0x000001a2   0x0000000a   Code   RO         3022    .ARM.Collect$$_printf_percent$$00000007  c_p.l(_printf_ll.o)
    0x000001ac   0x000001ac   0x0000000a   Code   RO         3011    .ARM.Collect$$_printf_percent$$00000008  c_p.l(_printf_i.o)
    0x000001b6   0x000001b6   0x0000000a   Code   RO         3012    .ARM.Collect$$_printf_percent$$00000009  c_p.l(_printf_d.o)
    0x000001c0   0x000001c0   0x0000000a   Code   RO         3013    .ARM.Collect$$_printf_percent$$0000000A  c_p.l(_printf_u.o)
    0x000001ca   0x000001ca   0x0000000a   Code   RO         3010    .ARM.Collect$$_printf_percent$$0000000B  c_p.l(_printf_o.o)
    0x000001d4   0x000001d4   0x0000000a   Code   RO         3008    .ARM.Collect$$_printf_percent$$0000000C  c_p.l(_printf_x.o)
    0x000001de   0x000001de   0x0000000a   Code   RO         3019    .ARM.Collect$$_printf_percent$$0000000D  c_p.l(_printf_lli.o)
    0x000001e8   0x000001e8   0x0000000a   Code   RO         3020    .ARM.Collect$$_printf_percent$$0000000E  c_p.l(_printf_lld.o)
    0x000001f2   0x000001f2   0x0000000a   Code   RO         3021    .ARM.Collect$$_printf_percent$$0000000F  c_p.l(_printf_llu.o)
    0x000001fc   0x000001fc   0x0000000a   Code   RO         3026    .ARM.Collect$$_printf_percent$$00000010  c_p.l(_printf_llo.o)
    0x00000206   0x00000206   0x0000000a   Code   RO         3027    .ARM.Collect$$_printf_percent$$00000011  c_p.l(_printf_llx.o)
    0x00000210   0x00000210   0x0000000a   Code   RO         3023    .ARM.Collect$$_printf_percent$$00000012  c_p.l(_printf_l.o)
    0x0000021a   0x0000021a   0x0000000a   Code   RO         3005    .ARM.Collect$$_printf_percent$$00000013  c_p.l(_printf_c.o)
    0x00000224   0x00000224   0x0000000a   Code   RO         3006    .ARM.Collect$$_printf_percent$$00000014  c_p.l(_printf_s.o)
    0x0000022e   0x0000022e   0x0000000a   Code   RO         3024    .ARM.Collect$$_printf_percent$$00000015  c_p.l(_printf_lc.o)
    0x00000238   0x00000238   0x0000000a   Code   RO         3025    .ARM.Collect$$_printf_percent$$00000016  c_p.l(_printf_ls.o)
    0x00000242   0x00000242   0x00000004   Code   RO         3135    .ARM.Collect$$_printf_percent$$00000017  c_p.l(_printf_percent_end.o)
    0x00000246   0x00000246   0x00000002   Code   RO         3189    .ARM.Collect$$libinit$$00000000  c_p.l(libinit.o)
    0x00000248   0x00000248   0x00000000   Code   RO         3215    .ARM.Collect$$libinit$$00000002  c_p.l(libinit2.o)
    0x00000248   0x00000248   0x00000000   Code   RO         3217    .ARM.Collect$$libinit$$00000004  c_p.l(libinit2.o)
    0x00000248   0x00000248   0x00000000   Code   RO         3219    .ARM.Collect$$libinit$$00000006  c_p.l(libinit2.o)
    0x00000248   0x00000248   0x00000000   Code   RO         3222    .ARM.Collect$$libinit$$0000000C  c_p.l(libinit2.o)
    0x00000248   0x00000248   0x00000000   Code   RO         3224    .ARM.Collect$$libinit$$0000000E  c_p.l(libinit2.o)
    0x00000248   0x00000248   0x00000000   Code   RO         3226    .ARM.Collect$$libinit$$00000010  c_p.l(libinit2.o)
    0x00000248   0x00000248   0x00000006   Code   RO         3227    .ARM.Collect$$libinit$$00000011  c_p.l(libinit2.o)
    0x0000024e   0x0000024e   0x00000000   Code   RO         3229    .ARM.Collect$$libinit$$00000013  c_p.l(libinit2.o)
    0x0000024e   0x0000024e   0x0000000c   Code   RO         3230    .ARM.Collect$$libinit$$00000014  c_p.l(libinit2.o)
    0x0000025a   0x0000025a   0x00000000   Code   RO         3231    .ARM.Collect$$libinit$$00000015  c_p.l(libinit2.o)
    0x0000025a   0x0000025a   0x00000000   Code   RO         3233    .ARM.Collect$$libinit$$00000017  c_p.l(libinit2.o)
    0x0000025a   0x0000025a   0x0000000a   Code   RO         3234    .ARM.Collect$$libinit$$00000018  c_p.l(libinit2.o)
    0x00000264   0x00000264   0x00000000   Code   RO         3235    .ARM.Collect$$libinit$$00000019  c_p.l(libinit2.o)
    0x00000264   0x00000264   0x00000000   Code   RO         3237    .ARM.Collect$$libinit$$0000001B  c_p.l(libinit2.o)
    0x00000264   0x00000264   0x00000000   Code   RO         3239    .ARM.Collect$$libinit$$0000001D  c_p.l(libinit2.o)
    0x00000264   0x00000264   0x00000000   Code   RO         3241    .ARM.Collect$$libinit$$0000001F  c_p.l(libinit2.o)
    0x00000264   0x00000264   0x00000000   Code   RO         3243    .ARM.Collect$$libinit$$00000021  c_p.l(libinit2.o)
    0x00000264   0x00000264   0x00000000   Code   RO         3245    .ARM.Collect$$libinit$$00000023  c_p.l(libinit2.o)
    0x00000264   0x00000264   0x00000000   Code   RO         3247    .ARM.Collect$$libinit$$00000025  c_p.l(libinit2.o)
    0x00000264   0x00000264   0x00000000   Code   RO         3249    .ARM.Collect$$libinit$$00000027  c_p.l(libinit2.o)
    0x00000264   0x00000264   0x00000000   Code   RO         3253    .ARM.Collect$$libinit$$0000002E  c_p.l(libinit2.o)
    0x00000264   0x00000264   0x00000000   Code   RO         3255    .ARM.Collect$$libinit$$00000030  c_p.l(libinit2.o)
    0x00000264   0x00000264   0x00000000   Code   RO         3257    .ARM.Collect$$libinit$$00000032  c_p.l(libinit2.o)
    0x00000264   0x00000264   0x00000000   Code   RO         3259    .ARM.Collect$$libinit$$00000034  c_p.l(libinit2.o)
    0x00000264   0x00000264   0x00000002   Code   RO         3260    .ARM.Collect$$libinit$$00000035  c_p.l(libinit2.o)
    0x00000266   0x00000266   0x00000002   Code   RO         3292    .ARM.Collect$$libshutdown$$00000000  c_p.l(libshutdown.o)
    0x00000268   0x00000268   0x00000000   Code   RO         3323    .ARM.Collect$$libshutdown$$00000002  c_p.l(libshutdown2.o)
    0x00000268   0x00000268   0x00000000   Code   RO         3325    .ARM.Collect$$libshutdown$$00000004  c_p.l(libshutdown2.o)
    0x00000268   0x00000268   0x00000000   Code   RO         3328    .ARM.Collect$$libshutdown$$00000007  c_p.l(libshutdown2.o)
    0x00000268   0x00000268   0x00000000   Code   RO         3331    .ARM.Collect$$libshutdown$$0000000A  c_p.l(libshutdown2.o)
    0x00000268   0x00000268   0x00000000   Code   RO         3333    .ARM.Collect$$libshutdown$$0000000C  c_p.l(libshutdown2.o)
    0x00000268   0x00000268   0x00000000   Code   RO         3336    .ARM.Collect$$libshutdown$$0000000F  c_p.l(libshutdown2.o)
    0x00000268   0x00000268   0x00000002   Code   RO         3337    .ARM.Collect$$libshutdown$$00000010  c_p.l(libshutdown2.o)
    0x0000026a   0x0000026a   0x00000000   Code   RO         2928    .ARM.Collect$$rtentry$$00000000  c_p.l(__rtentry.o)
    0x0000026a   0x0000026a   0x00000000   Code   RO         3097    .ARM.Collect$$rtentry$$00000002  c_p.l(__rtentry2.o)
    0x0000026a   0x0000026a   0x00000006   Code   RO         3109    .ARM.Collect$$rtentry$$00000004  c_p.l(__rtentry4.o)
    0x00000270   0x00000270   0x00000000   Code   RO         3099    .ARM.Collect$$rtentry$$00000009  c_p.l(__rtentry2.o)
    0x00000270   0x00000270   0x00000004   Code   RO         3100    .ARM.Collect$$rtentry$$0000000A  c_p.l(__rtentry2.o)
    0x00000274   0x00000274   0x00000000   Code   RO         3102    .ARM.Collect$$rtentry$$0000000C  c_p.l(__rtentry2.o)
    0x00000274   0x00000274   0x00000008   Code   RO         3103    .ARM.Collect$$rtentry$$0000000D  c_p.l(__rtentry2.o)
    0x0000027c   0x0000027c   0x00000002   Code   RO         3199    .ARM.Collect$$rtexit$$00000000  c_p.l(rtexit.o)
    0x0000027e   0x0000027e   0x00000000   Code   RO         3264    .ARM.Collect$$rtexit$$00000002  c_p.l(rtexit2.o)
    0x0000027e   0x0000027e   0x00000004   Code   RO         3265    .ARM.Collect$$rtexit$$00000003  c_p.l(rtexit2.o)
    0x00000282   0x00000282   0x00000006   Code   RO         3266    .ARM.Collect$$rtexit$$00000004  c_p.l(rtexit2.o)
    0x00000288   0x00000288   0x00000038   Code   RO         2838    .emb_text           c_p.l(rt_memcpy.o)
    0x000002c0   0x000002c0   0x00000030   Code   RO         1543    .text               startup_mspm0g350x_uvision.o
    0x000002f0   0x000002f0   0x0000002c   Code   RO         2824    .text               c_p.l(sprintf.o)
    0x0000031c   0x0000031c   0x00000044   Code   RO         2834    .text               c_p.l(strlen.o)
    0x00000360   0x00000360   0x00000082   Code   RO         2839    .text               c_p.l(rt_memcpy.o)
    0x000003e2   0x000003e2   0x00000040   Code   RO         2846    .text               c_p.l(rt_memclr.o)
    0x00000422   0x00000422   0x00000002   PAD
    0x00000424   0x00000424   0x0000016c   Code   RO         2848    .text               c_p.l(aeabi_sdiv.o)
    0x00000590   0x00000590   0x00000006   Code   RO         2852    .text               c_p.l(heapauxi.o)
    0x00000596   0x00000596   0x00000002   PAD
    0x00000598   0x00000598   0x00000358   Code   RO         2856    .text               fz_ps.l(daddsub.o)
    0x000008f0   0x000008f0   0x00000448   Code   RO         2870    .text               fz_ps.l(ddiv.o)
    0x00000d38   0x00000d38   0x0000006c   Code   RO         2873    .text               fz_ps.l(dfixi.o)
    0x00000da4   0x00000da4   0x00000058   Code   RO         2877    .text               fz_ps.l(dflti.o)
    0x00000dfc   0x00000dfc   0x00000248   Code   RO         2879    .text               fz_ps.l(dmul.o)
    0x00001044   0x00001044   0x00000160   Code   RO         2901    .text               fz_ps.l(fdiv.o)
    0x000011a4   0x000011a4   0x00000030   Code   RO         2906    .text               fz_ps.l(ffixui.o)
    0x000011d4   0x000011d4   0x0000005e   Code   RO         2908    .text               fz_ps.l(fflti.o)
    0x00001232   0x00001232   0x0000004e   Code   RO         2937    .text               c_p.l(_printf_pad.o)
    0x00001280   0x00001280   0x00000024   Code   RO         2939    .text               c_p.l(_printf_truncate.o)
    0x000012a4   0x000012a4   0x00000052   Code   RO         2941    .text               c_p.l(_printf_str.o)
    0x000012f6   0x000012f6   0x00000002   PAD
    0x000012f8   0x000012f8   0x0000006c   Code   RO         2943    .text               c_p.l(_printf_dec.o)
    0x00001364   0x00001364   0x00000026   Code   RO         2945    .text               c_p.l(_printf_charcount.o)
    0x0000138a   0x0000138a   0x00000002   PAD
    0x0000138c   0x0000138c   0x00000030   Code   RO         2947    .text               c_p.l(_printf_char_common.o)
    0x000013bc   0x000013bc   0x0000000a   Code   RO         2949    .text               c_p.l(_sputc.o)
    0x000013c6   0x000013c6   0x00000002   PAD
    0x000013c8   0x000013c8   0x000000bc   Code   RO         2953    .text               c_p.l(_printf_wctomb.o)
    0x00001484   0x00001484   0x00000070   Code   RO         2956    .text               c_p.l(_printf_longlong_dec.o)
    0x000014f4   0x000014f4   0x00000070   Code   RO         2962    .text               c_p.l(_printf_oct_int_ll.o)
    0x00001564   0x00001564   0x00000098   Code   RO         2982    .text               c_p.l(_printf_hex_int_ll_ptr.o)
    0x000015fc   0x000015fc   0x00000188   Code   RO         3002    .text               c_p.l(__printf_flags_ss_wp.o)
    0x00001784   0x00001784   0x0000007a   Code   RO         3118    .text               c_p.l(lludiv10.o)
    0x000017fe   0x000017fe   0x000000b0   Code   RO         3120    .text               c_p.l(_printf_intcommon.o)
    0x000018ae   0x000018ae   0x00000002   PAD
    0x000018b0   0x000018b0   0x00000414   Code   RO         3122    .text               c_p.l(_printf_fp_dec.o)
    0x00001cc4   0x00001cc4   0x000002d8   Code   RO         3126    .text               c_p.l(_printf_fp_hex.o)
    0x00001f9c   0x00001f9c   0x0000002e   Code   RO         3131    .text               c_p.l(_printf_char.o)
    0x00001fca   0x00001fca   0x0000002e   Code   RO         3133    .text               c_p.l(_printf_wchar.o)
    0x00001ff8   0x00001ff8   0x00000042   Code   RO         3136    .text               c_p.l(_c16rtomb.o)
    0x0000203a   0x0000203a   0x00000028   Code   RO         3138    .text               c_p.l(rtudiv10.o)
    0x00002062   0x00002062   0x00000002   PAD
    0x00002064   0x00002064   0x000000a0   Code   RO         3140    .text               fz_ps.l(dcmpin.o)
    0x00002104   0x00002104   0x00000008   Code   RO         3150    .text               c_p.l(libspace.o)
    0x0000210c   0x0000210c   0x0000003e   Code   RO         3153    .text               c_p.l(sys_stackheap_outer.o)
    0x0000214a   0x0000214a   0x00000002   PAD
    0x0000214c   0x0000214c   0x00000010   Code   RO         3156    .text               c_p.l(rt_ctype_table.o)
    0x0000215c   0x0000215c   0x00000008   Code   RO         3161    .text               c_p.l(rt_locale_intlibspace.o)
    0x00002164   0x00002164   0x00000088   Code   RO         3163    .text               c_p.l(_printf_fp_infnan.o)
    0x000021ec   0x000021ec   0x000000d8   Code   RO         3165    .text               c_p.l(bigflt0.o)
    0x000022c4   0x000022c4   0x00000580   Code   RO         3168    .text               c_p.l(btod.o)
    0x00002844   0x00002844   0x00000010   Code   RO         3178    .text               c_p.l(exit.o)
    0x00002854   0x00002854   0x0000002e   Code   RO         3190    .text               fz_ps.l(cmpret.o)
    0x00002882   0x00002882   0x00000002   PAD
    0x00002884   0x00002884   0x00000014   Code   RO         3192    .text               fz_ps.l(dnan2.o)
    0x00002898   0x00002898   0x00000088   Code   RO         3212    .text               c_p.l(strcmp.o)
    0x00002920   0x00002920   0x0000005e   Code   RO         3261    .text               fz_ps.l(retnan.o)
    0x0000297e   0x0000297e   0x00000002   PAD
    0x00002980   0x00002980   0x00000014   Code   RO           99    .text.DL_ADC12_enablePower  zf_common_clock.o
    0x00002994   0x00002994   0x00000010   Code   RO           97    .text.DL_ADC12_reset  zf_common_clock.o
    0x000029a4   0x000029a4   0x0000001c   Code   RO         2768    .text.DL_CORE_configInstruction  dl_sysctl_mspm0g1x0x_g3x0x.o
    0x000029c0   0x000029c0   0x0000000c   Code   RO         2766    .text.DL_CORE_getInstructionConfig  dl_sysctl_mspm0g1x0x_g3x0x.o
    0x000029cc   0x000029cc   0x00000014   Code   RO         1679    .text.DL_Common_delayCycles  dl_common.o
    0x000029e0   0x000029e0   0x00000028   Code   RO          550    .text.DL_Common_updateReg  zf_driver_spi.o
    0x00002a08   0x00002a08   0x00000028   Code   RO          624    .text.DL_Common_updateReg  zf_driver_uart.o
    0x00002a30   0x00002a30   0x00000028   Code   RO         1614    .text.DL_Common_updateReg  ti_msp_dl_config.o
    0x00002a58   0x00002a58   0x00000028   Code   RO         2483    .text.DL_Common_updateReg  dl_spi.o
    0x00002a80   0x00002a80   0x00000028   Code   RO         2691    .text.DL_Common_updateReg  dl_uart.o
    0x00002aa8   0x00002aa8   0x00000028   Code   RO         2764    .text.DL_Common_updateReg  dl_sysctl_mspm0g1x0x_g3x0x.o
    0x00002ad0   0x00002ad0   0x00000014   Code   RO           83    .text.DL_GPIO_enablePower  zf_common_clock.o
    0x00002ae4   0x00002ae4   0x00000014   Code   RO         1566    .text.DL_GPIO_enablePower  ti_msp_dl_config.o
    0x00002af8   0x00002af8   0x00000030   Code   RO         1572    .text.DL_GPIO_initDigitalInputFeatures  ti_msp_dl_config.o
    0x00002b28   0x00002b28   0x00000018   Code   RO         1570    .text.DL_GPIO_initPeripheralAnalogFunction  ti_msp_dl_config.o
    0x00002b40   0x00002b40   0x00000010   Code   RO           81    .text.DL_GPIO_reset  zf_common_clock.o
    0x00002b50   0x00002b50   0x00000010   Code   RO         1562    .text.DL_GPIO_reset  ti_msp_dl_config.o
    0x00002b60   0x00002b60   0x00000014   Code   RO          548    .text.DL_SPI_enable  zf_driver_spi.o
    0x00002b74   0x00002b74   0x00000018   Code   RO           95    .text.DL_SPI_enablePower  zf_common_clock.o
    0x00002b8c   0x00002b8c   0x00000048   Code   RO         2481    .text.DL_SPI_init   dl_spi.o
    0x00002bd4   0x00002bd4   0x00000018   Code   RO           93    .text.DL_SPI_reset  zf_common_clock.o
    0x00002bec   0x00002bec   0x00000024   Code   RO          544    .text.DL_SPI_setBitRateSerialClockDivider  zf_driver_spi.o
    0x00002c10   0x00002c10   0x00000024   Code   RO         2485    .text.DL_SPI_setClockConfig  dl_spi.o
    0x00002c34   0x00002c34   0x00000030   Code   RO          546    .text.DL_SPI_setFIFOThreshold  zf_driver_spi.o
    0x00002c64   0x00002c64   0x00000024   Code   RO         2800    .text.DL_SYSCTL_configFCC  dl_sysctl_mspm0g1x0x_g3x0x.o
    0x00002c88   0x00002c88   0x000000e0   Code   RO         2758    .text.DL_SYSCTL_configSYSPLL  dl_sysctl_mspm0g1x0x_g3x0x.o
    0x00002d68   0x00002d68   0x00000010   Code   RO         2798    .text.DL_SYSCTL_disableHFCLKStartupMonitor  dl_sysctl_mspm0g1x0x_g3x0x.o
    0x00002d78   0x00002d78   0x0000000c   Code   RO         1590    .text.DL_SYSCTL_disableHFXT  ti_msp_dl_config.o
    0x00002d84   0x00002d84   0x0000000c   Code   RO         2788    .text.DL_SYSCTL_disableHFXT  dl_sysctl_mspm0g1x0x_g3x0x.o
    0x00002d90   0x00002d90   0x00000010   Code   RO         1592    .text.DL_SYSCTL_disableSYSPLL  ti_msp_dl_config.o
    0x00002da0   0x00002da0   0x00000010   Code   RO         2760    .text.DL_SYSCTL_disableSYSPLL  dl_sysctl_mspm0g1x0x_g3x0x.o
    0x00002db0   0x00002db0   0x00000010   Code   RO         2794    .text.DL_SYSCTL_enableHFCLKStartupMonitor  dl_sysctl_mspm0g1x0x_g3x0x.o
    0x00002dc0   0x00002dc0   0x00000010   Code   RO         1602    .text.DL_SYSCTL_enableMFCLK  ti_msp_dl_config.o
    0x00002dd0   0x00002dd0   0x00000010   Code   RO         1604    .text.DL_SYSCTL_enableMFPCLK  ti_msp_dl_config.o
    0x00002de0   0x00002de0   0x00000010   Code   RO         1594    .text.DL_SYSCTL_enableSYSPLL  ti_msp_dl_config.o
    0x00002df0   0x00002df0   0x00000010   Code   RO         2770    .text.DL_SYSCTL_enableSYSPLL  dl_sysctl_mspm0g1x0x_g3x0x.o
    0x00002e00   0x00002e00   0x00000008   Code   RO         1596    .text.DL_SYSCTL_getClockStatus  ti_msp_dl_config.o
    0x00002e08   0x00002e08   0x0000000c   Code   RO         2762    .text.DL_SYSCTL_getClockStatus  dl_sysctl_mspm0g1x0x_g3x0x.o
    0x00002e14   0x00002e14   0x00000010   Code   RO         1580    .text.DL_SYSCTL_isFCCDone  ti_msp_dl_config.o
    0x00002e24   0x00002e24   0x0000000c   Code   RO         1582    .text.DL_SYSCTL_readFCC  ti_msp_dl_config.o
    0x00002e30   0x00002e30   0x00000018   Code   RO         1584    .text.DL_SYSCTL_setBORThreshold  ti_msp_dl_config.o
    0x00002e48   0x00002e48   0x00000018   Code   RO         1576    .text.DL_SYSCTL_setFCCPeriods  ti_msp_dl_config.o
    0x00002e60   0x00002e60   0x0000001c   Code   RO         1586    .text.DL_SYSCTL_setFlashWaitState  ti_msp_dl_config.o
    0x00002e7c   0x00002e7c   0x0000001c   Code   RO         1600    .text.DL_SYSCTL_setHFCLKDividerForMFPCLK  ti_msp_dl_config.o
    0x00002e98   0x00002e98   0x00000064   Code   RO         2796    .text.DL_SYSCTL_setHFCLKSourceHFXTParams  dl_sysctl_mspm0g1x0x_g3x0x.o
    0x00002efc   0x00002efc   0x0000001c   Code   RO         2790    .text.DL_SYSCTL_setHFXTFrequencyRange  dl_sysctl_mspm0g1x0x_g3x0x.o
    0x00002f18   0x00002f18   0x00000018   Code   RO         2792    .text.DL_SYSCTL_setHFXTStartupTime  dl_sysctl_mspm0g1x0x_g3x0x.o
    0x00002f30   0x00002f30   0x00000018   Code   RO         2782    .text.DL_SYSCTL_setHSCLKSource  dl_sysctl_mspm0g1x0x_g3x0x.o
    0x00002f48   0x00002f48   0x00000054   Code   RO         2772    .text.DL_SYSCTL_setLFCLKSourceLFXT  dl_sysctl_mspm0g1x0x_g3x0x.o
    0x00002f9c   0x00002f9c   0x00000020   Code   RO         1606    .text.DL_SYSCTL_setMFPCLKSource  ti_msp_dl_config.o
    0x00002fbc   0x00002fbc   0x0000001c   Code   RO         1588    .text.DL_SYSCTL_setSYSOSCFreq  ti_msp_dl_config.o
    0x00002fd8   0x00002fd8   0x00000018   Code   RO         1598    .text.DL_SYSCTL_setULPCLKDivider  ti_msp_dl_config.o
    0x00002ff0   0x00002ff0   0x00000010   Code   RO         1578    .text.DL_SYSCTL_startFCC  ti_msp_dl_config.o
    0x00003000   0x00003000   0x0000004c   Code   RO         2780    .text.DL_SYSCTL_switchMCLKfromSYSOSCtoHSCLK  dl_sysctl_mspm0g1x0x_g3x0x.o
    0x0000304c   0x0000304c   0x0000000c   Code   RO         1612    .text.DL_SYSTICK_enable  ti_msp_dl_config.o
    0x00003058   0x00003058   0x00000028   Code   RO         1610    .text.DL_SYSTICK_init  ti_msp_dl_config.o
    0x00003080   0x00003080   0x00000014   Code   RO           87    .text.DL_Timer_enablePower  zf_common_clock.o
    0x00003094   0x00003094   0x00000010   Code   RO           85    .text.DL_Timer_reset  zf_common_clock.o
    0x000030a4   0x000030a4   0x00000018   Code   RO           30    .text.DL_UART_clearInterruptStatus  isr.o
    0x000030bc   0x000030bc   0x00000016   Code   RO         2689    .text.DL_UART_disable  dl_uart.o
    0x000030d2   0x000030d2   0x00000002   PAD
    0x000030d4   0x000030d4   0x00000018   Code   RO          612    .text.DL_UART_disableInterrupt  zf_driver_uart.o
    0x000030ec   0x000030ec   0x00000016   Code   RO          622    .text.DL_UART_enable  zf_driver_uart.o
    0x00003102   0x00003102   0x00000002   PAD
    0x00003104   0x00003104   0x0000001c   Code   RO          614    .text.DL_UART_enableInterrupt  zf_driver_uart.o
    0x00003120   0x00003120   0x00000014   Code   RO           91    .text.DL_UART_enablePower  zf_common_clock.o
    0x00003134   0x00003134   0x00000012   Code   RO           28    .text.DL_UART_getPendingInterrupt  isr.o
    0x00003146   0x00003146   0x00000002   PAD
    0x00003148   0x00003148   0x00000048   Code   RO         2687    .text.DL_UART_init  dl_uart.o
    0x00003190   0x00003190   0x00000014   Code   RO          592    .text.DL_UART_isBusy  zf_driver_uart.o
    0x000031a4   0x000031a4   0x00000014   Code   RO          602    .text.DL_UART_isRXFIFOEmpty  zf_driver_uart.o
    0x000031b8   0x000031b8   0x00000014   Code   RO          604    .text.DL_UART_receiveData  zf_driver_uart.o
    0x000031cc   0x000031cc   0x00000014   Code   RO           89    .text.DL_UART_reset  zf_common_clock.o
    0x000031e0   0x000031e0   0x0000004c   Code   RO          620    .text.DL_UART_setBaudRateDivisor  zf_driver_uart.o
    0x0000322c   0x0000322c   0x00000024   Code   RO         2693    .text.DL_UART_setClockConfig  dl_uart.o
    0x00003250   0x00003250   0x0000001e   Code   RO          618    .text.DL_UART_setOversampling  zf_driver_uart.o
    0x0000326e   0x0000326e   0x00000016   Code   RO          594    .text.DL_UART_transmitData  zf_driver_uart.o
    0x00003284   0x00003284   0x00000034   Code   RO         2744    .text.DL_VREF_configReference  dl_vref.o
    0x000032b8   0x000032b8   0x00000014   Code   RO          103    .text.DL_VREF_enablePower  zf_common_clock.o
    0x000032cc   0x000032cc   0x00000018   Code   RO         1568    .text.DL_VREF_enablePower  ti_msp_dl_config.o
    0x000032e4   0x000032e4   0x00000010   Code   RO          101    .text.DL_VREF_reset  zf_common_clock.o
    0x000032f4   0x000032f4   0x00000018   Code   RO         1564    .text.DL_VREF_reset  ti_msp_dl_config.o
    0x0000330c   0x0000330c   0x0000010c   Code   RO           38    .text.GROUP1_IRQHandler  isr.o
    0x00003418   0x00003418   0x00000030   Code   RO         1554    .text.SYSCFG_DL_GPIO_init  ti_msp_dl_config.o
    0x00003448   0x00003448   0x000000b0   Code   RO         1574    .text.SYSCFG_DL_SYSCTL_SYSPLL_init  ti_msp_dl_config.o
    0x000034f8   0x000034f8   0x00000094   Code   RO         1556    .text.SYSCFG_DL_SYSCTL_init  ti_msp_dl_config.o
    0x0000358c   0x0000358c   0x0000000e   Code   RO         1560    .text.SYSCFG_DL_SYSTICK_init  ti_msp_dl_config.o
    0x0000359a   0x0000359a   0x00000002   PAD
    0x0000359c   0x0000359c   0x00000010   Code   RO         1558    .text.SYSCFG_DL_VREF_init  ti_msp_dl_config.o
    0x000035ac   0x000035ac   0x00000018   Code   RO         1550    .text.SYSCFG_DL_init  ti_msp_dl_config.o
    0x000035c4   0x000035c4   0x00000044   Code   RO         1552    .text.SYSCFG_DL_initPower  ti_msp_dl_config.o
    0x00003608   0x00003608   0x00000010   Code   RO           12    .text.TIMA0_IRQHandler  isr.o
    0x00003618   0x00003618   0x00000010   Code   RO           14    .text.TIMA1_IRQHandler  isr.o
    0x00003628   0x00003628   0x00000010   Code   RO           16    .text.TIMG0_IRQHandler  isr.o
    0x00003638   0x00003638   0x00000010   Code   RO           24    .text.TIMG12_IRQHandler  isr.o
    0x00003648   0x00003648   0x00000010   Code   RO           18    .text.TIMG6_IRQHandler  isr.o
    0x00003658   0x00003658   0x00000010   Code   RO           20    .text.TIMG7_IRQHandler  isr.o
    0x00003668   0x00003668   0x00000018   Code   RO           22    .text.TIMG8_IRQHandler  isr.o
    0x00003680   0x00003680   0x00000054   Code   RO           26    .text.UART0_IRQHandler  isr.o
    0x000036d4   0x000036d4   0x0000005c   Code   RO           32    .text.UART1_IRQHandler  isr.o
    0x00003730   0x00003730   0x00000050   Code   RO           34    .text.UART2_IRQHandler  isr.o
    0x00003780   0x00003780   0x00000054   Code   RO           36    .text.UART3_IRQHandler  isr.o
    0x000037d4   0x000037d4   0x00000034   Code   RO          253    .text.__NVIC_DisableIRQ  zf_common_interrupt.o
    0x00003808   0x00003808   0x0000002c   Code   RO          249    .text.__NVIC_EnableIRQ  zf_common_interrupt.o
    0x00003834   0x00003834   0x00000084   Code   RO          257    .text.__NVIC_SetPriority  zf_common_interrupt.o
    0x000038b8   0x000038b8   0x00000008   Code   RO          120    .text._sys_exit     zf_common_debug.o
    0x000038c0   0x000038c0   0x00000158   Code   RO          389    .text.afio_init     zf_driver_gpio.o
    0x00003a18   0x00003a18   0x0000001e   Code   RO           77    .text.clock_init    zf_common_clock.o
    0x00003a36   0x00003a36   0x00000002   PAD
    0x00003a38   0x00003a38   0x0000014c   Code   RO           79    .text.clock_reset   zf_common_clock.o
    0x00003b84   0x00003b84   0x00000068   Code   RO          130    .text.debug_assert_handler  zf_common_debug.o
    0x00003bec   0x00003bec   0x0000003e   Code   RO          136    .text.debug_delay   zf_common_debug.o
    0x00003c2a   0x00003c2a   0x00000002   PAD
    0x00003c2c   0x00003c2c   0x00000058   Code   RO          144    .text.debug_init    zf_common_debug.o
    0x00003c84   0x00003c84   0x00000024   Code   RO          118    .text.debug_interrupr_handler  zf_common_debug.o
    0x00003ca8   0x00003ca8   0x00000344   Code   RO          134    .text.debug_output  zf_common_debug.o
    0x00003fec   0x00003fec   0x00000048   Code   RO          142    .text.debug_output_init  zf_common_debug.o
    0x00004034   0x00004034   0x00000034   Code   RO          140    .text.debug_output_struct_init  zf_common_debug.o
    0x00004068   0x00004068   0x00000002   Code   RO          132    .text.debug_protective_handler  zf_common_debug.o
    0x0000406a   0x0000406a   0x00000012   Code   RO          146    .text.debug_uart_str_output  zf_common_debug.o
    0x0000407c   0x0000407c   0x0000000a   Code   RO          360    .text.exti_callbakc_defalut  zf_driver_exti.o
    0x00004086   0x00004086   0x000000a8   Code   RO          170    .text.fifo_head_offset  zf_common_fifo.o
    0x0000412e   0x0000412e   0x00000002   PAD
    0x00004130   0x00004130   0x00000090   Code   RO          182    .text.fifo_init     zf_common_fifo.o
    0x000041c0   0x000041c0   0x000003a8   Code   RO          172    .text.fifo_write_buffer  zf_common_fifo.o
    0x00004568   0x00004568   0x00000034   Code   RO          383    .text.gpio_get_level  zf_driver_gpio.o
    0x0000459c   0x0000459c   0x000001c8   Code   RO          379    .text.gpio_init     zf_driver_gpio.o
    0x00004764   0x00004764   0x00000032   Code   RO          377    .text.gpio_set_a0_a1_output  zf_driver_gpio.o
    0x00004796   0x00004796   0x00000002   PAD
    0x00004798   0x00004798   0x00000064   Code   RO          381    .text.gpio_set_level  zf_driver_gpio.o
    0x000047fc   0x000047fc   0x0000007c   Code   RO          385    .text.gpio_toggle_level  zf_driver_gpio.o
    0x00004878   0x00004878   0x00000016   Code   RO          251    .text.interrupt_disable  zf_common_interrupt.o
    0x0000488e   0x0000488e   0x00000016   Code   RO          247    .text.interrupt_enable  zf_common_interrupt.o
    0x000048a4   0x000048a4   0x00000020   Code   RO          245    .text.interrupt_global_disable  zf_common_interrupt.o
    0x000048c4   0x000048c4   0x00000002   Code   RO          259    .text.interrupt_init  zf_common_interrupt.o
    0x000048c6   0x000048c6   0x0000001e   Code   RO          255    .text.interrupt_set_priority  zf_common_interrupt.o
    0x000048e4   0x000048e4   0x00000014   Code   RO         1446    .text.key_clear_state  zf_device_key.o
    0x000048f8   0x000048f8   0x00000014   Code   RO         1444    .text.key_get_state  zf_device_key.o
    0x0000490c   0x0000490c   0x00000064   Code   RO         1450    .text.key_init      zf_device_key.o
    0x00004970   0x00004970   0x000000d0   Code   RO         1442    .text.key_scanner   zf_device_key.o
    0x00004a40   0x00004a40   0x00000084   Code   RO            2    .text.main          main.o
    0x00004ac4   0x00004ac4   0x0000000a   Code   RO          401    .text.pit_callbakc_defalut  zf_driver_pit.o
    0x00004ace   0x00004ace   0x00000002   PAD
    0x00004ad0   0x00004ad0   0x00000020   Code   RO          403    .text.pit_enable    zf_driver_pit.o
    0x00004af0   0x00004af0   0x00000074   Code   RO          413    .text.pit_ms_init   zf_driver_pit.o
    0x00004b64   0x00004b64   0x000000ec   Code   RO          411    .text.pit_set_div   zf_driver_pit.o
    0x00004c50   0x00004c50   0x00000130   Code   RO          409    .text.pit_us_init   zf_driver_pit.o
    0x00004d80   0x00004d80   0x00000200   Code   RO          428    .text.pwm_init      zf_driver_pwm.o
    0x00004f80   0x00004f80   0x00000114   Code   RO          426    .text.pwm_set_duty  zf_driver_pwm.o
    0x00005094   0x00005094   0x00000020   Code   RO           61    .text.servo_init    servo.o
    0x000050b4   0x000050b4   0x00000040   Code   RO           63    .text.servo_set_angle  servo.o
    0x000050f4   0x000050f4   0x00000078   Code   RO           65    .text.servo_sweep   servo.o
    0x0000516c   0x0000516c   0x000000b4   Code   RO          510    .text.spi_16bit_data_handler  zf_driver_spi.o
    0x00005220   0x00005220   0x00000078   Code   RO          504    .text.spi_8bit_data_handler  zf_driver_spi.o
    0x00005298   0x00005298   0x0000026c   Code   RO          542    .text.spi_init      zf_driver_spi.o
    0x00005504   0x00005504   0x00000044   Code   RO          512    .text.spi_write_16bit_array  zf_driver_spi.o
    0x00005548   0x00005548   0x0000001c   Code   RO          502    .text.spi_write_8bit  zf_driver_spi.o
    0x00005564   0x00005564   0x00000002   Code   RO          351    .text.system_delay_init  zf_driver_delay.o
    0x00005566   0x00005566   0x00000002   PAD
    0x00005568   0x00005568   0x00000054   Code   RO          347    .text.system_delay_ms  zf_driver_delay.o
    0x000055bc   0x000055bc   0x000000f8   Code   RO         1189    .text.tft180_clear  zf_device_tft180.o
    0x000056b4   0x000056b4   0x0000007c   Code   RO         1229    .text.tft180_debug_init  zf_device_tft180.o
    0x00005730   0x00005730   0x000003e0   Code   RO         1225    .text.tft180_init   zf_device_tft180.o
    0x00005b10   0x00005b10   0x00000024   Code   RO         1199    .text.tft180_set_color  zf_device_tft180.o
    0x00005b34   0x00005b34   0x00000044   Code   RO         1195    .text.tft180_set_dir  zf_device_tft180.o
    0x00005b78   0x00005b78   0x00000194   Code   RO         1191    .text.tft180_set_region  zf_device_tft180.o
    0x00005d0c   0x00005d0c   0x000002bc   Code   RO         1205    .text.tft180_show_char  zf_device_tft180.o
    0x00005fc8   0x00005fc8   0x000000e4   Code   RO         1207    .text.tft180_show_string  zf_device_tft180.o
    0x000060ac   0x000060ac   0x00000040   Code   RO         1227    .text.tft180_write_index  zf_device_tft180.o
    0x000060ec   0x000060ec   0x0000001c   Code   RO           49    .text.tick_callback  tick.o
    0x00006108   0x00006108   0x00000008   Code   RO           51    .text.tick_get      tick.o
    0x00006110   0x00006110   0x0000001c   Code   RO           47    .text.tick_init     tick.o
    0x0000612c   0x0000612c   0x00000028   Code   RO          565    .text.timer_clock_enable  zf_driver_timer.o
    0x00006154   0x00006154   0x0000005c   Code   RO          563    .text.timer_funciton_check  zf_driver_timer.o
    0x000061b0   0x000061b0   0x00000002   Code   RO         1263    .text.type_default_callback  zf_device_type.o
    0x000061b2   0x000061b2   0x0000000a   Code   RO          588    .text.uart_callbakc_defalut  zf_driver_uart.o
    0x000061bc   0x000061bc   0x00000124   Code   RO          616    .text.uart_init     zf_driver_uart.o
    0x000062e0   0x000062e0   0x00000058   Code   RO          606    .text.uart_query_byte  zf_driver_uart.o
    0x00006338   0x00006338   0x00000188   Code   RO          610    .text.uart_set_interrupt_config  zf_driver_uart.o
    0x000064c0   0x000064c0   0x00000060   Code   RO          598    .text.uart_write_string  zf_driver_uart.o
    0x00006520   0x00006520   0x00000030   Code   RO         3171    i.__ARM_common_ll_muluu  c_p.l(btod.o)
    0x00006550   0x00006550   0x0000002c   Code   RO         3146    i.__ARM_fpclassify  m_ps.l(fpclassify.o)
    0x0000657c   0x0000657c   0x00000016   Code   RO         2859    i._dgeq             fz_ps.l(dcmp.o)
    0x00006592   0x00006592   0x0000001a   Code   RO         2861    i._dleq             fz_ps.l(dcmp.o)
    0x000065ac   0x000065ac   0x0000000e   Code   RO         2995    i._is_digit         c_p.l(__printf_wp.o)
    0x000065ba   0x000065ba   0x00000002   PAD
    0x000065bc   0x000065bc   0x0000002c   Code   RO         3176    locale$$code        c_p.l(lc_numeric_c.o)
    0x000065e8   0x000065e8   0x0000002c   Code   RO         3206    locale$$code        c_p.l(lc_ctype_c.o)
    0x00006614   0x00006614   0x00000064   Code   RO         3030    x$fpl$dgeqf         fz_ps.l(dgef.o)
    0x00006678   0x00006678   0x00000064   Code   RO         3032    x$fpl$dleqf         fz_ps.l(dlef.o)
    0x000066dc   0x000066dc   0x000000b0   Code   RO         2910    x$fpl$fmul          fz_ps.l(fmul.o)
    0x0000678c   0x0000678c   0x00000010   Code   RO         3044    x$fpl$printf1       fz_ps.l(printf1.o)
    0x0000679c   0x0000679c   0x00000010   Code   RO         3046    x$fpl$printf2       fz_ps.l(printf2.o)
    0x000067ac   0x000067ac   0x00000000   Code   RO         3052    x$fpl$usenofp       fz_ps.l(usenofp.o)
    0x000067ac   0x000067ac   0x00000080   Data   RO         2871    .constdata          fz_ps.l(ddiv.o)
    0x0000682c   0x0000682c   0x00000040   Data   RO         2902    .constdata          fz_ps.l(fdiv.o)
    0x0000686c   0x0000686c   0x00000008   Data   RO         2954    .constdata          c_p.l(_printf_wctomb.o)
    0x00006874   0x00006874   0x00000028   Data   RO         2983    .constdata          c_p.l(_printf_hex_int_ll_ptr.o)
    0x0000689c   0x0000689c   0x00000011   Data   RO         3003    .constdata          c_p.l(__printf_flags_ss_wp.o)
    0x000068ad   0x000068ad   0x00000026   Data   RO         3127    .constdata          c_p.l(_printf_fp_hex.o)
    0x000068d3   0x000068d3   0x00000001   PAD
    0x000068d4   0x000068d4   0x00000094   Data   RO         3166    .constdata          c_p.l(bigflt0.o)
    0x00006968   0x00006968   0x00000228   Data   RO          193    .rodata.ascii_font_6x8  zf_common_font.o
    0x00006b90   0x00006b90   0x000005f0   Data   RO          192    .rodata.ascii_font_8x16  zf_common_font.o
    0x00007180   0x00007180   0x00000003   Data   RO         1617    .rodata.gLFCLKConfig  ti_msp_dl_config.o
    0x00007183   0x00007183   0x00000001   PAD
    0x00007184   0x00007184   0x00000028   Data   RO         1616    .rodata.gSYSPLLConfig  ti_msp_dl_config.o
    0x000071ac   0x000071ac   0x0000000c   Data   RO         1618    .rodata.gVREFConfig  ti_msp_dl_config.o
    0x000071b8   0x000071b8   0x0000003c   Data   RO          392    .rodata.gpio_iomux_index  zf_driver_gpio.o
    0x000071f4   0x000071f4   0x00000007   Data   RO          415    .rodata.irq_index   zf_driver_pit.o
    0x000071fb   0x000071fb   0x00000004   Data   RO         1452    .rodata.key_index   zf_device_key.o
    0x000071ff   0x000071ff   0x00000015   Data   RO            4    .rodata.str1.1      main.o
    0x00007214   0x00007214   0x00000066   Data   RO          153    .rodata.str1.1      zf_common_debug.o
    0x0000727a   0x0000727a   0x0000002b   Data   RO          184    .rodata.str1.1      zf_common_fifo.o
    0x000072a5   0x000072a5   0x0000002b   Data   RO          393    .rodata.str1.1      zf_driver_gpio.o
    0x000072d0   0x000072d0   0x0000002a   Data   RO          418    .rodata.str1.1      zf_driver_pit.o
    0x000072fa   0x000072fa   0x0000002a   Data   RO          430    .rodata.str1.1      zf_driver_pwm.o
    0x00007324   0x00007324   0x0000002a   Data   RO          552    .rodata.str1.1      zf_driver_spi.o
    0x0000734e   0x0000734e   0x0000002b   Data   RO          629    .rodata.str1.1      zf_driver_uart.o
    0x00007379   0x00007379   0x0000002d   Data   RO         1237    .rodata.str1.1      zf_device_tft180.o
    0x000073a6   0x000073a6   0x0000002a   Data   RO         1456    .rodata.str1.1      zf_device_key.o
    0x000073d0   0x000073d0   0x0000001c   Data   RO          578    .rodata.timer_reg   zf_driver_timer.o
    0x000073ec   0x000073ec   0x00000002   Data   RO          632    .rodata.uart_init.uart_clock_config  zf_driver_uart.o
    0x000073ee   0x000073ee   0x0000000a   Data   RO          633    .rodata.uart_init.uart_default_config  zf_driver_uart.o
    0x000073f8   0x000073f8   0x00000020   Data   RO         3338    Region$$Table       anon$$obj.o
    0x00007418   0x00007418   0x0000001c   Data   RO         3175    locale$$data        c_p.l(lc_numeric_c.o)
    0x00007434   0x00007434   0x00000110   Data   RO         3205    locale$$data        c_p.l(lc_ctype_c.o)


    Execution Region RW_IRAM2 (Exec base: 0x20200000, Load base: 0x00007548, Size: 0x000016a0, Max: 0x00008000, ABSOLUTE)

    Exec Addr    Load Addr    Size         Type   Attr      Idx    E Section Name        Object

    0x20200000   0x00007548   0x00000004   Data   RW           68    .data.dir           servo.o
    0x20200004   0x0000754c   0x00000080   Data   RW          368    .data.exti_callback_list  zf_driver_exti.o
    0x20200084   0x000075cc   0x00000008   Data   RW          391    .data.gpio_group    zf_driver_gpio.o
    0x2020008c   0x000075d4   0x0000001c   Data   RW          417    .data.pit_callback_ptr_list  zf_driver_pit.o
    0x202000a8   0x000075f0   0x00000008   Data   RW          555    .data.spi_list      zf_driver_spi.o
    0x202000b0   0x000075f8   0x00000002   Data   RW         1233    .data.tft180_bgcolor  zf_device_tft180.o
    0x202000b2   0x000075fa   0x00000001   Data   RW         1235    .data.tft180_display_font  zf_device_tft180.o
    0x202000b3   0x000075fb   0x00000001   PAD
    0x202000b4   0x000075fc   0x00000002   Data   RW         1236    .data.tft180_pencolor  zf_device_tft180.o
    0x202000b6   0x000075fe   0x00000001   Data   RW         1231    .data.tft180_x_max  zf_device_tft180.o
    0x202000b7   0x000075ff   0x00000001   Data   RW         1232    .data.tft180_y_max  zf_device_tft180.o
    0x202000b8   0x00007600   0x00000010   Data   RW          627    .data.uart_callback_list  zf_driver_uart.o
    0x202000c8   0x00007610   0x00000004   Data   RW          631    .data.uart_irq      zf_driver_uart.o
    0x202000cc   0x00007614   0x00000010   Data   RW          628    .data.uart_list     zf_driver_uart.o
    0x202000dc   0x00007624   0x00000004   Data   RW         1276    .data.wireless_module_uart_handler  zf_device_type.o
    0x202000e0   0x00007628   0x00000001   Data   RW          151    .data.zf_debug_assert_enable  zf_common_debug.o
    0x202000e1   0x00007629   0x00000007   PAD
    0x202000e8        -       0x00000060   Zero   RW         3151    .bss                c_p.l(libspace.o)
    0x20200148        -       0x00000004   Zero   RW           67    .bss.angle          servo.o
    0x2020014c        -       0x00000001   Zero   RW          152    .bss.debug_assert_handler.assert_nest_index  zf_common_debug.o
    0x2020014d   0x00007629   0x00000003   PAD
    0x20200150        -       0x00000014   Zero   RW          154    .bss.debug_output_info  zf_common_debug.o
    0x20200164        -       0x00000040   Zero   RW          155    .bss.debug_uart_buffer  zf_common_debug.o
    0x202001a4        -       0x00000001   Zero   RW          148    .bss.debug_uart_data  zf_common_debug.o
    0x202001a5        -       0x00000016   Zero   RW          149    .bss.debug_uart_fifo  zf_common_debug.o
    0x202001bb   0x00007629   0x00000001   PAD
    0x202001bc        -       0x00000080   Zero   RW          369    .bss.exti_callback_ptr_list  zf_driver_exti.o
    0x2020023c        -       0x00000004   Zero   RW           53    .bss.g_tick_ms      tick.o
    0x20200240        -       0x00000004   Zero   RW          261    .bss.interrupt_nest_count  zf_common_interrupt.o
    0x20200244        -       0x00000010   Zero   RW         1454    .bss.key_press_time  zf_device_key.o
    0x20200254        -       0x00000004   Zero   RW         1455    .bss.key_state      zf_device_key.o
    0x20200258        -       0x0000001c   Zero   RW          416    .bss.pit_callback_list  zf_driver_pit.o
    0x20200274        -       0x00000004   Zero   RW         1453    .bss.scanner_period  zf_device_key.o
    0x20200278        -       0x00000004   Zero   RW           69    .bss.servo_sweep.last_tick  servo.o
    0x2020027c        -       0x00000001   Zero   RW         1234    .bss.tft180_display_dir  zf_device_tft180.o
    0x2020027d        -       0x00000007   Zero   RW          577    .bss.timer_function_state  zf_driver_timer.o
    0x20200284        -       0x00000010   Zero   RW          626    .bss.uart_callback_ptr_list  zf_driver_uart.o
    0x20200294        -       0x00000004   Zero   RW          630    .bss.uart_interrupt_state  zf_driver_uart.o
    0x20200298        -       0x00000001   Zero   RW          150    .bss.zf_debug_init_flag  zf_common_debug.o
    0x20200299   0x00007629   0x00000007   PAD
    0x202002a0        -       0x00000400   Zero   RW         1541    HEAP                startup_mspm0g350x_uvision.o
    0x202006a0        -       0x00001000   Zero   RW         1540    STACK               startup_mspm0g350x_uvision.o



  Load Region LR_BCR (Base: 0x41c00000, Size: 0x00000000, Max: 0x00000100, ABSOLUTE)

    Execution Region BCR_CONFIG (Exec base: 0x41c00000, Load base: 0x41c00000, Size: 0x00000000, Max: 0x00000080, ABSOLUTE)

    **** No section assigned to this execution region ****



  Load Region LR_BSL (Base: 0x41c00100, Size: 0x00000000, Max: 0x00000100, ABSOLUTE)

    Execution Region BSL_CONFIG (Exec base: 0x41c00100, Load base: 0x41c00100, Size: 0x00000000, Max: 0x00000080, ABSOLUTE)

    **** No section assigned to this execution region ****


==============================================================================

Image component sizes


      Code (inc. data)   RO Data    RW Data    ZI Data      Debug   Object Name

        20          0          0          0          0        670   dl_common.o
       148         12          0          0          0      10728   dl_spi.o
       764         60          0          0          0      10936   dl_sysctl_mspm0g1x0x_g3x0x.o
       170          8          0          0          0      10772   dl_uart.o
        52          4          0          0          0       2574   dl_vref.o
       770         68          0          0          0       5502   isr.o
       132          8         21          0          0       1838   main.o
       216         20          0          4          8       4409   servo.o
        48         22        192          0       5120        792   startup_mspm0g350x_uvision.o
      1058         92         55          0          0      17279   ti_msp_dl_config.o
        64          8          0          0          4       1167   tick.o
       594         84          0          0          0      11239   zf_common_clock.o
      1278         68        102          1        109       7895   zf_common_debug.o
      1248         12         43          0          0       5786   zf_common_fifo.o
         0          0       2072          0          0        773   zf_common_font.o
       336         20          0          0          4       3649   zf_common_interrupt.o
       348         20         46          0         24       2906   zf_device_key.o
      2864        156         45          7          1      12974   zf_device_tft180.o
         2          0          0          4          0       1992   zf_device_type.o
        86         16          0          0          0       1222   zf_driver_delay.o
        10          0          0        128        128       3820   zf_driver_exti.o
      1126        216        103          8          0       6982   zf_driver_gpio.o
       698         48         49         28         28       6636   zf_driver_pit.o
       788         68         42          0          0       9195   zf_driver_pwm.o
      1160         80         42          8          0      12448   zf_driver_spi.o
       132         12         28          0          7       5205   zf_driver_timer.o
      1180         92         55         36         20      12151   zf_driver_uart.o

    ----------------------------------------------------------------------
     15312       1194       2928        228       5468     171540   Object Totals
         0          0         32          0          0          0   (incl. Generated)
        20          0          1          4         15          0   (incl. Padding)

    ----------------------------------------------------------------------

      Code (inc. data)   RO Data    RW Data    ZI Data      Debug   Library Member Name

         8          0          0          0          0         68   __main.o
       392          6         17          0          0         76   __printf_flags_ss_wp.o
        14          0          0          0          0         60   __printf_wp.o
         0          0          0          0          0          0   __rtentry.o
        12          0          0          0          0          0   __rtentry2.o
         6          0          0          0          0          0   __rtentry4.o
        86         10          0          0          0          0   __scatter.o
        26          0          0          0          0          0   __scatter_copy.o
        28          0          0          0          0          0   __scatter_zi.o
        66          0          0          0          0         76   _c16rtomb.o
        10          0          0          0          0          0   _printf_a.o
        10          0          0          0          0          0   _printf_c.o
        46          0          0          0          0        100   _printf_char.o
        48          6          0          0          0         88   _printf_char_common.o
        38          0          0          0          0         60   _printf_charcount.o
        10          0          0          0          0          0   _printf_d.o
       108         18          0          0          0         76   _printf_dec.o
        10          0          0          0          0          0   _printf_e.o
        10          0          0          0          0          0   _printf_f.o
      1044         12          0          0          0        116   _printf_fp_dec.o
       728         10         38          0          0         84   _printf_fp_hex.o
       136         16          0          0          0         76   _printf_fp_infnan.o
        10          0          0          0          0          0   _printf_g.o
       152          4         40          0          0        148   _printf_hex_int_ll_ptr.o
        10          0          0          0          0          0   _printf_i.o
       176          0          0          0          0         84   _printf_intcommon.o
        10          0          0          0          0          0   _printf_l.o
        10          0          0          0          0          0   _printf_lc.o
        10          0          0          0          0          0   _printf_ll.o
        10          0          0          0          0          0   _printf_lld.o
        10          0          0          0          0          0   _printf_lli.o
        10          0          0          0          0          0   _printf_llo.o
        10          0          0          0          0          0   _printf_llu.o
        10          0          0          0          0          0   _printf_llx.o
       112         18          0          0          0         76   _printf_longlong_dec.o
        10          0          0          0          0          0   _printf_ls.o
        10          0          0          0          0          0   _printf_n.o
        10          0          0          0          0          0   _printf_o.o
       112         10          0          0          0        112   _printf_oct_int_ll.o
        10          0          0          0          0          0   _printf_p.o
        78          0          0          0          0        100   _printf_pad.o
         2          0          0          0          0          0   _printf_percent.o
         4          0          0          0          0          0   _printf_percent_end.o
        10          0          0          0          0          0   _printf_s.o
        82          0          0          0          0         72   _printf_str.o
        36          0          0          0          0         76   _printf_truncate.o
        10          0          0          0          0          0   _printf_u.o
        46          0          0          0          0        100   _printf_wchar.o
       188          6          8          0          0         80   _printf_wctomb.o
        10          0          0          0          0          0   _printf_x.o
        10          0          0          0          0         60   _sputc.o
       364          4          0          0          0         92   aeabi_sdiv.o
       216          6        148          0          0         80   bigflt0.o
      1456         30          0          0          0        336   btod.o
        16          0          0          0          0         68   exit.o
         6          0          0          0          0        136   heapauxi.o
        44         10        272          0          0         76   lc_ctype_c.o
        44         10         28          0          0         76   lc_numeric_c.o
         2          0          0          0          0          0   libinit.o
        30          0          0          0          0          0   libinit2.o
         2          0          0          0          0          0   libshutdown.o
         2          0          0          0          0          0   libshutdown2.o
         8          4          0          0         96         68   libspace.o
       122          0          0          0          0         72   lludiv10.o
        16          4          0          0          0         76   rt_ctype_table.o
         8          4          0          0          0         68   rt_locale_intlibspace.o
        64          0          0          0          0        108   rt_memclr.o
       186          0          0          0          0        144   rt_memcpy.o
         2          0          0          0          0          0   rtexit.o
        10          0          0          0          0          0   rtexit2.o
        40          0          0          0          0         60   rtudiv10.o
        44          4          0          0          0         84   sprintf.o
       136          4          0          0          0         72   strcmp.o
        68          6          0          0          0         72   strlen.o
        62          0          0          0          0         80   sys_stackheap_outer.o
        46          0          0          0          0         60   cmpret.o
       856         20          0          0          0        208   daddsub.o
        48          0          0          0          0        136   dcmp.o
       160          6          0          0          0         76   dcmpin.o
      1096         26        128          0          0        112   ddiv.o
       108         10          0          0          0         72   dfixi.o
        88          0          0          0          0         92   dflti.o
       100          4          0          0          0         92   dgef.o
       100          4          0          0          0         92   dlef.o
       584         26          0          0          0         84   dmul.o
        20          6          0          0          0         68   dnan2.o
       352         10         64          0          0         92   fdiv.o
        48          0          0          0          0         60   ffixui.o
        94          0          0          0          0         92   fflti.o
       176          4          0          0          0         80   fmul.o
        16          4          0          0          0         76   printf1.o
        16          4          0          0          0         76   printf2.o
        94          0          0          0          0         68   retnan.o
         0          0          0          0          0          0   usenofp.o
        44          4          0          0          0         60   fpclassify.o

    ----------------------------------------------------------------------
     11036        334        744          0         96       5252   Library Totals
        38          4          1          0          0          0   (incl. Padding)

    ----------------------------------------------------------------------

      Code (inc. data)   RO Data    RW Data    ZI Data      Debug   Library Name

      6952        202        551          0         96       3556   c_p.l
      4002        124        192          0          0       1636   fz_ps.l
        44          4          0          0          0         60   m_ps.l

    ----------------------------------------------------------------------
     11036        334        744          0         96       5252   Library Totals

    ----------------------------------------------------------------------

==============================================================================


      Code (inc. data)   RO Data    RW Data    ZI Data      Debug   

     26348       1528       3672        228       5564     173832   Grand Totals
     26348       1528       3672        228       5564     173832   ELF Image Totals
     26348       1528       3672        228          0          0   ROM Totals

==============================================================================

    Total RO  Size (Code + RO Data)                30020 (  29.32kB)
    Total RW  Size (RW Data + ZI Data)              5792 (   5.66kB)
    Total ROM Size (Code + RO Data + RW Data)      30248 (  29.54kB)

==============================================================================

